Archive member included to satisfy reference by file (symbol)

/Applications/STM32CubeIDE.app/Contents/Eclipse/plugins/com.st.stm32cube.ide.mcu.externaltools.gnu-tools-for-stm32.12.3.rel1.macos64_1.1.0.202410301201/tools/bin/../lib/gcc/arm-none-eabi/12.3.1/../../../../arm-none-eabi/lib/thumb/v7e-m+fp/hard/libc_nano.a(libc_a-exit.o)
                              /Applications/STM32CubeIDE.app/Contents/Eclipse/plugins/com.st.stm32cube.ide.mcu.externaltools.gnu-tools-for-stm32.12.3.rel1.macos64_1.1.0.202410301201/tools/bin/../lib/gcc/arm-none-eabi/12.3.1/../../../../arm-none-eabi/lib/thumb/v7e-m+fp/hard/crt0.o (exit)
/Applications/STM32CubeIDE.app/Contents/Eclipse/plugins/com.st.stm32cube.ide.mcu.externaltools.gnu-tools-for-stm32.12.3.rel1.macos64_1.1.0.202410301201/tools/bin/../lib/gcc/arm-none-eabi/12.3.1/../../../../arm-none-eabi/lib/thumb/v7e-m+fp/hard/libc_nano.a(libc_a-malloc.o)
                              ./Core/Src/GPIO.o (malloc)
/Applications/STM32CubeIDE.app/Contents/Eclipse/plugins/com.st.stm32cube.ide.mcu.externaltools.gnu-tools-for-stm32.12.3.rel1.macos64_1.1.0.202410301201/tools/bin/../lib/gcc/arm-none-eabi/12.3.1/../../../../arm-none-eabi/lib/thumb/v7e-m+fp/hard/libc_nano.a(libc_a-mallocr.o)
                              /Applications/STM32CubeIDE.app/Contents/Eclipse/plugins/com.st.stm32cube.ide.mcu.externaltools.gnu-tools-for-stm32.12.3.rel1.macos64_1.1.0.202410301201/tools/bin/../lib/gcc/arm-none-eabi/12.3.1/../../../../arm-none-eabi/lib/thumb/v7e-m+fp/hard/libc_nano.a(libc_a-malloc.o) (_malloc_r)
/Applications/STM32CubeIDE.app/Contents/Eclipse/plugins/com.st.stm32cube.ide.mcu.externaltools.gnu-tools-for-stm32.12.3.rel1.macos64_1.1.0.202410301201/tools/bin/../lib/gcc/arm-none-eabi/12.3.1/../../../../arm-none-eabi/lib/thumb/v7e-m+fp/hard/libc_nano.a(libc_a-mlock.o)
                              /Applications/STM32CubeIDE.app/Contents/Eclipse/plugins/com.st.stm32cube.ide.mcu.externaltools.gnu-tools-for-stm32.12.3.rel1.macos64_1.1.0.202410301201/tools/bin/../lib/gcc/arm-none-eabi/12.3.1/../../../../arm-none-eabi/lib/thumb/v7e-m+fp/hard/libc_nano.a(libc_a-mallocr.o) (__malloc_lock)
/Applications/STM32CubeIDE.app/Contents/Eclipse/plugins/com.st.stm32cube.ide.mcu.externaltools.gnu-tools-for-stm32.12.3.rel1.macos64_1.1.0.202410301201/tools/bin/../lib/gcc/arm-none-eabi/12.3.1/../../../../arm-none-eabi/lib/thumb/v7e-m+fp/hard/libc_nano.a(libc_a-findfp.o)
                              /Applications/STM32CubeIDE.app/Contents/Eclipse/plugins/com.st.stm32cube.ide.mcu.externaltools.gnu-tools-for-stm32.12.3.rel1.macos64_1.1.0.202410301201/tools/bin/../lib/gcc/arm-none-eabi/12.3.1/../../../../arm-none-eabi/lib/thumb/v7e-m+fp/hard/libc_nano.a(libc_a-exit.o) (__stdio_exit_handler)
/Applications/STM32CubeIDE.app/Contents/Eclipse/plugins/com.st.stm32cube.ide.mcu.externaltools.gnu-tools-for-stm32.12.3.rel1.macos64_1.1.0.202410301201/tools/bin/../lib/gcc/arm-none-eabi/12.3.1/../../../../arm-none-eabi/lib/thumb/v7e-m+fp/hard/libc_nano.a(libc_a-fwalk.o)
                              /Applications/STM32CubeIDE.app/Contents/Eclipse/plugins/com.st.stm32cube.ide.mcu.externaltools.gnu-tools-for-stm32.12.3.rel1.macos64_1.1.0.202410301201/tools/bin/../lib/gcc/arm-none-eabi/12.3.1/../../../../arm-none-eabi/lib/thumb/v7e-m+fp/hard/libc_nano.a(libc_a-findfp.o) (_fwalk_sglue)
/Applications/STM32CubeIDE.app/Contents/Eclipse/plugins/com.st.stm32cube.ide.mcu.externaltools.gnu-tools-for-stm32.12.3.rel1.macos64_1.1.0.202410301201/tools/bin/../lib/gcc/arm-none-eabi/12.3.1/../../../../arm-none-eabi/lib/thumb/v7e-m+fp/hard/libc_nano.a(libc_a-memset.o)
                              /Applications/STM32CubeIDE.app/Contents/Eclipse/plugins/com.st.stm32cube.ide.mcu.externaltools.gnu-tools-for-stm32.12.3.rel1.macos64_1.1.0.202410301201/tools/bin/../lib/gcc/arm-none-eabi/12.3.1/../../../../arm-none-eabi/lib/thumb/v7e-m+fp/hard/crt0.o (memset)
/Applications/STM32CubeIDE.app/Contents/Eclipse/plugins/com.st.stm32cube.ide.mcu.externaltools.gnu-tools-for-stm32.12.3.rel1.macos64_1.1.0.202410301201/tools/bin/../lib/gcc/arm-none-eabi/12.3.1/../../../../arm-none-eabi/lib/thumb/v7e-m+fp/hard/libc_nano.a(libc_a-impure.o)
                              /Applications/STM32CubeIDE.app/Contents/Eclipse/plugins/com.st.stm32cube.ide.mcu.externaltools.gnu-tools-for-stm32.12.3.rel1.macos64_1.1.0.202410301201/tools/bin/../lib/gcc/arm-none-eabi/12.3.1/../../../../arm-none-eabi/lib/thumb/v7e-m+fp/hard/libc_nano.a(libc_a-malloc.o) (_impure_ptr)
/Applications/STM32CubeIDE.app/Contents/Eclipse/plugins/com.st.stm32cube.ide.mcu.externaltools.gnu-tools-for-stm32.12.3.rel1.macos64_1.1.0.202410301201/tools/bin/../lib/gcc/arm-none-eabi/12.3.1/../../../../arm-none-eabi/lib/thumb/v7e-m+fp/hard/libc_nano.a(libc_a-sbrkr.o)
[...]
Memory Configuration

Name             Origin             Length             Attributes
CCMRAM           0x10000000         0x00002000         xrw
RAM              0x20000000         0x0000a000         xrw
FLASH            0x08000000         0x00040000         xr
*default*        0x00000000         0xffffffff

Linker script and memory map

LOAD /Applications/STM32CubeIDE.app/Contents/Eclipse/plugins/com.st.stm32cube.ide.mcu.externaltools.gnu-tools-for-stm32.12.3.rel1.macos64_1.1.0.202410301201/tools/bin/../lib/gcc/arm-none-eabi/12.3.1/thumb/v7e-m+fp/hard/crti.o
LOAD /Applications/STM32CubeIDE.app/Contents/Eclipse/plugins/com.st.stm32cube.ide.mcu.externaltools.gnu-tools-for-stm32.12.3.rel1.macos64_1.1.0.202410301201/tools/bin/../lib/gcc/arm-none-eabi/12.3.1/thumb/v7e-m+fp/hard/crtbegin.o
LOAD /Applications/STM32CubeIDE.app/Contents/Eclipse/plugins/com.st.stm32cube.ide.mcu.externaltools.gnu-tools-for-stm32.12.3.rel1.macos64_1.1.0.202410301201/tools/bin/../lib/gcc/arm-none-eabi/12.3.1/../../../../arm-none-eabi/lib/thumb/v7e-m+fp/hard/crt0.o
LOAD ./Core/Src/GPIO.o
LOAD ./Core/Src/LED_MATRIX.o
LOAD ./Core/Src/delay.o
LOAD ./Core/Src/main.o
LOAD ./Core/Src/master.o
LOAD ./Core/Src/serial.o
LOAD ./Core/Src/song.o
LOAD ./Core/Src/stm32f3xx_hal_msp.o
LOAD ./Core/Src/stm32f3xx_it.o
LOAD ./Core/Src/syscalls.o
LOAD ./Core/Src/sysmem.o
LOAD ./Core/Src/system_stm32f3xx.o
LOAD ./Core/Startup/startup_stm32f303vctx.o
LOAD ./Drivers/STM32F3xx_HAL_Driver/Src/stm32f3xx_hal.o
LOAD ./Drivers/STM32F3xx_HAL_Driver/Src/stm32f3xx_hal_cortex.o
LOAD ./Drivers/STM32F3xx_HAL_Driver/Src/stm32f3xx_hal_dma.o
LOAD ./Drivers/STM32F3xx_HAL_Driver/Src/stm32f3xx_hal_exti.o
LOAD ./Drivers/STM32F3xx_HAL_Driver/Src/stm32f3xx_hal_flash.o
LOAD ./Drivers/STM32F3xx_HAL_Driver/Src/stm32f3xx_hal_flash_ex.o
LOAD ./Drivers/STM32F3xx_HAL_Driver/Src/stm32f3xx_hal_gpio.o
LOAD ./Drivers/STM32F3xx_HAL_Driver/Src/stm32f3xx_hal_i2c.o
LOAD ./Drivers/STM32F3xx_HAL_Driver/Src/stm32f3xx_hal_i2c_ex.o
LOAD ./Drivers/STM32F3xx_HAL_Driver/Src/stm32f3xx_hal_pcd.o
LOAD ./Drivers/STM32F3xx_HAL_Driver/Src/stm32f3xx_hal_pcd_ex.o
LOAD ./Drivers/STM32F3xx_HAL_Driver/Src/stm32f3xx_hal_pwr.o
LOAD ./Drivers/STM32F3xx_HAL_Driver/Src/stm32f3xx_hal_pwr_ex.o
LOAD ./Drivers/STM32F3xx_HAL_Driver/Src/stm32f3xx_hal_rcc.o
LOAD ./Drivers/STM32F3xx_HAL_Driver/Src/stm32f3xx_hal_rcc_ex.o
LOAD ./Drivers/STM32F3xx_HAL_Driver/Src/stm32f3xx_hal_spi.o
LOAD ./Drivers/STM32F3xx_HAL_Driver/Src/stm32f3xx_hal_spi_ex.o
LOAD ./Drivers/STM32F3xx_HAL_Driver/Src/stm32f3xx_hal_tim.o
LOAD ./Drivers/STM32F3xx_HAL_Driver/Src/stm32f3xx_hal_tim_ex.o
LOAD ./Drivers/STM32F3xx_HAL_Driver/Src/stm32f3xx_ll_usb.o
START GROUP
LOAD /Applications/STM32CubeIDE.app/Contents/Eclipse/plugins/com.st.stm32cube.ide.mcu.externaltools.gnu-tools-for-stm32.12.3.rel1.macos64_1.1.0.202410301201/tools/bin/../lib/gcc/arm-none-eabi/12.3.1/../../../../arm-none-eabi/lib/thumb/v7e-m+fp/hard/libc_nano.a
LOAD /Applications/STM32CubeIDE.app/Contents/Eclipse/plugins/com.st.stm32cube.ide.mcu.externaltools.gnu-tools-for-stm32.12.3.rel1.macos64_1.1.0.202410301201/tools/bin/../lib/gcc/arm-none-eabi/12.3.1/../../../../arm-none-eabi/lib/thumb/v7e-m+fp/hard/libm.a
END GROUP
START GROUP
LOAD /Applications/STM32CubeIDE.app/Contents/Eclipse/plugins/com.st.stm32cube.ide.mcu.externaltools.gnu-tools-for-stm32.12.3.rel1.macos64_1.1.0.202410301201/tools/bin/../lib/gcc/arm-none-eabi/12.3.1/thumb/v7e-m+fp/hard/libgcc.a
LOAD /Applications/STM32CubeIDE.app/Contents/Eclipse/plugins/com.st.stm32cube.ide.mcu.externaltools.gnu-tools-for-stm32.12.3.rel1.macos64_1.1.0.202410301201/tools/bin/../lib/gcc/arm-none-eabi/12.3.1/../../../../arm-none-eabi/lib/thumb/v7e-m+fp/hard/libc_nano.a
END GROUP
START GROUP
LOAD /Applications/STM32CubeIDE.app/Contents/Eclipse/plugins/com.st.stm32cube.ide.mcu.externaltools.gnu-tools-for-stm32.12.3.rel1.macos64_1.1.0.202410301201/tools/bin/../lib/gcc/arm-none-eabi/12.3.1/thumb/v7e-m+fp/hard/libgcc.a
LOAD /Applications/STM32CubeIDE.app/Contents/Eclipse/plugins/com.st.stm32cube.ide.mcu.externaltools.gnu-tools-for-stm32.12.3.rel1.macos64_1.1.0.202410301201/tools/bin/../lib/gcc/arm-none-eabi/12.3.1/../../../../arm-none-eabi/lib/thumb/v7e-m+fp/hard/libc_nano.a
LOAD /Applications/STM32CubeIDE.app/Contents/Eclipse/plugins/com.st.stm32cube.ide.mcu.externaltools.gnu-tools-for-stm32.12.3.rel1.macos64_1.1.0.202410301201/tools/bin/../lib/gcc/arm-none-eabi/12.3.1/../../../../arm-none-eabi/lib/thumb/v7e-m+fp/hard/libnosys.a
END GROUP
START GROUP
LOAD /Applications/STM32CubeIDE.app/Contents/Eclipse/plugins/com.st.stm32cube.ide.mcu.externaltools.gnu-tools-for-stm32.12.3.rel1.macos64_1.1.0.202410301201/tools/bin/../lib/gcc/arm-none-eabi/12.3.1/thumb/v7e-m+fp/hard/libgcc.a
LOAD /Applications/STM32CubeIDE.app/Contents/Eclipse/plugins/com.st.stm32cube.ide.mcu.externaltools.gnu-tools-for-stm32.12.3.rel1.macos64_1.1.0.202410301201/tools/bin/../lib/gcc/arm-none-eabi/12.3.1/../../../../arm-none-eabi/lib/thumb/v7e-m+fp/hard/libc_nano.a
LOAD /Applications/STM32CubeIDE.app/Contents/Eclipse/plugins/com.st.stm32cube.ide.mcu.externaltools.gnu-tools-for-stm32.12.3.rel1.macos64_1.1.0.202410301201/tools/bin/../lib/gcc/arm-none-eabi/12.3.1/../../../../arm-none-eabi/lib/thumb/v7e-m+fp/hard/libnosys.a
END GROUP
LOAD /Applications/STM32CubeIDE.app/Contents/Eclipse/plugins/com.st.stm32cube.ide.mcu.externaltools.gnu-tools-for-stm32.12.3.rel1.macos64_1.1.0.202410301201/tools/bin/../lib/gcc/arm-none-eabi/12.3.1/thumb/v7e-m+fp/hard/crtend.o
LOAD /Applications/STM32CubeIDE.app/Contents/Eclipse/plugins/com.st.stm32cube.ide.mcu.externaltools.gnu-tools-for-stm32.12.3.rel1.macos64_1.1.0.202410301201/tools/bin/../lib/gcc/arm-none-eabi/12.3.1/thumb/v7e-m+fp/hard/crtn.o
                0x2000a000                        _estack = (ORIGIN (RAM) + LENGTH (RAM))
                0x00000200                        _Min_Heap_Size = 0x200
                0x00000400                        _Min_Stack_Size = 0x400

.isr_vector     0x08000000      0x188
                0x08000000                        . = ALIGN (0x4)
 *(.isr_vector)
 .isr_vector    0x08000000      0x188 ./Core/Startup/startup_stm32f303vctx.o
                0x08000000                g_pfnVectors
                0x08000188                        . = ALIGN (0x4)

.text           0x08000188     0x51e8
                0x08000188                        . = ALIGN (0x4)
 *(.text)
 .text          0x08000188       0x40 /Applications/STM32CubeIDE.app/Contents/Eclipse/plugins/com.st.stm32cube.ide.mcu.externaltools.gnu-tools-for-stm32.12.3.rel1.macos64_1.1.0.202410301201/tools/bin/../lib/gcc/arm-none-eabi/12.3.1/thumb/v7e-m+fp/hard/crtbegin.o
 *(.text*)
 .text.__NVIC_EnableIRQ
                0x080001c8       0x3c ./Core/Src/GPIO.o
 .text.__NVIC_SetPriority
                0x08000204       0x54 ./Core/Src/GPIO.o
 .text.create_mask
                0x08000258       0x34 ./Core/Src/GPIO.o
                0x08000258                create_mask
 .text.init_port
                0x0800028c      0x1f0 ./Core/Src/GPIO.o
                0x0800028c                init_port
 .text.write_pins
                0x0800047c       0x56 ./Core/Src/GPIO.o
                0x0800047c                write_pins
 .text.write_single_pin
                0x080004d2       0x72 ./Core/Src/GPIO.o
                0x080004d2                write_single_pin
 .text.EXTI0_IRQHandler
                0x08000544       0x2c ./Core/Src/GPIO.o
                0x08000544                EXTI0_IRQHandler
 .text.EXTI1_IRQHandler
                0x08000570       0x2c ./Core/Src/GPIO.o
                0x08000570                EXTI1_IRQHandler
 .text.EXTI3_IRQHandler
                0x0800059c       0x2c ./Core/Src/GPIO.o
                0x0800059c                EXTI3_IRQHandler
 .text.EXTI4_IRQHandler
                0x080005c8       0x2c ./Core/Src/GPIO.o
                0x080005c8                EXTI4_IRQHandler
 .text.EXTI9_5_IRQHandler
                0x080005f4       0x68 ./Core/Src/GPIO.o
                0x080005f4                EXTI9_5_IRQHandler
 .text.EXTI15_10_IRQHandler
                0x0800065c       0x68 ./Core/Src/GPIO.o
                0x0800065c                EXTI15_10_IRQHandler
 .text.enable_interupt
                0x080006c4      0x11c ./Core/Src/GPIO.o
                0x080006c4                enable_interupt
 .text.matrixInit
                0x080007e0       0x30 ./Core/Src/LED_MATRIX.o
                0x080007e0                matrixInit
 .text.pattern1
                0x08000810       0x38 ./Core/Src/LED_MATRIX.o
                0x08000810                pattern1
 .text.pattern2
                0x08000848       0x38 ./Core/Src/LED_MATRIX.o
                0x08000848                pattern2
 .text.pattern3
                0x08000880       0x38 ./Core/Src/LED_MATRIX.o
                0x08000880                pattern3
 .text.empty_matrix
                0x080008b8       0x38 ./Core/Src/LED_MATRIX.o
                0x080008b8                empty_matrix
 .text.__NVIC_EnableIRQ
                0x080008f0       0x3c ./Core/Src/delay.o
 .text.__NVIC_SetPriority
                0x0800092c       0x54 ./Core/Src/delay.o
 .text.TIM3_Init
                0x08000980       0x40 ./Core/Src/delay.o
                0x08000980                TIM3_Init
 .text.TIM3_IRQHandler
                0x080009c0       0x34 ./Core/Src/delay.o
                0x080009c0                TIM3_IRQHandler
 .text.max7219_write
                0x080009f4       0x54 ./Core/Src/main.o
                0x080009f4                max7219_write
 .text.pres_frequency
                0x08000a48       0x34 ./Core/Src/main.o
                0x08000a48                pres_frequency
 .text.notone   0x08000a7c       0x1c ./Core/Src/main.o
                0x08000a7c                notone
 .text.play_tone
                0x08000a98       0x8c ./Core/Src/main.o
                0x08000a98                play_tone
 .text.reset_game
                0x08000b24       0x28 ./Core/Src/main.o
                0x08000b24                reset_game
 .text.second_button
                0x08000b4c       0x68 ./Core/Src/main.o
                0x08000b4c                second_button
 .text.first_button
                0x08000bb4       0x3c ./Core/Src/main.o
                0x08000bb4                first_button
 .text.main     0x08000bf0      0x12c ./Core/Src/main.o
                0x08000bf0                main
 .text.SystemClock_Config
                0x08000d1c       0xc8 ./Core/Src/main.o
                0x08000d1c                SystemClock_Config
 .text.MX_I2C1_Init
                0x08000de4       0x80 ./Core/Src/main.o
 .text.MX_SPI1_Init
                0x08000e64       0x7c ./Core/Src/main.o
 .text.MX_TIM1_Init
                0x08000ee0      0x15c ./Core/Src/main.o
 .text.MX_USB_PCD_Init
                0x0800103c       0x44 ./Core/Src/main.o
 .text.MX_GPIO_Init
                0x08001080      0x128 ./Core/Src/main.o
 .text.Error_Handler
                0x080011a8        0xc ./Core/Src/main.o
                0x080011a8                Error_Handler
 .text.SerialInitialise
                0x080011b4       0xe8 ./Core/Src/serial.o
                0x080011b4                SerialInitialise
 .text.SerialOutputChar
                0x0800129c       0x32 ./Core/Src/serial.o
                0x0800129c                SerialOutputChar
 .text.SerialOutputString
                0x080012ce       0x48 ./Core/Src/serial.o
                0x080012ce                SerialOutputString
 *fill*         0x08001316        0x2 
 .text.HAL_MspInit
                0x08001318       0x48 ./Core/Src/stm32f3xx_hal_msp.o
                0x08001318                HAL_MspInit
 .text.HAL_I2C_MspInit
                0x08001360       0x88 ./Core/Src/stm32f3xx_hal_msp.o
                0x08001360                HAL_I2C_MspInit
 .text.HAL_SPI_MspInit
                0x080013e8       0x84 ./Core/Src/stm32f3xx_hal_msp.o
                0x080013e8                HAL_SPI_MspInit
 .text.HAL_TIM_Base_MspInit
                0x0800146c       0x40 ./Core/Src/stm32f3xx_hal_msp.o
                0x0800146c                HAL_TIM_Base_MspInit
 .text.HAL_TIM_MspPostInit
                0x080014ac       0x70 ./Core/Src/stm32f3xx_hal_msp.o
                0x080014ac                HAL_TIM_MspPostInit
 .text.HAL_PCD_MspInit
                0x0800151c       0x88 ./Core/Src/stm32f3xx_hal_msp.o
                0x0800151c                HAL_PCD_MspInit
 .text.NMI_Handler
                0x080015a4        0x8 ./Core/Src/stm32f3xx_it.o
                0x080015a4                NMI_Handler
 .text.HardFault_Handler
                0x080015ac        0x8 ./Core/Src/stm32f3xx_it.o
                0x080015ac                HardFault_Handler
 .text.MemManage_Handler
                0x080015b4        0x8 ./Core/Src/stm32f3xx_it.o
                0x080015b4                MemManage_Handler
 .text.BusFault_Handler
                0x080015bc        0x8 ./Core/Src/stm32f3xx_it.o
                0x080015bc                BusFault_Handler
 .text.UsageFault_Handler
                0x080015c4        0x8 ./Core/Src/stm32f3xx_it.o
                0x080015c4                UsageFault_Handler
 .text.SVC_Handler
                0x080015cc        0xe ./Core/Src/stm32f3xx_it.o
                0x080015cc                SVC_Handler
 .text.DebugMon_Handler
                0x080015da        0xe ./Core/Src/stm32f3xx_it.o
                0x080015da                DebugMon_Handler
 .text.PendSV_Handler
                0x080015e8        0xe ./Core/Src/stm32f3xx_it.o
                0x080015e8                PendSV_Handler
 .text.SysTick_Handler
                0x080015f6        0xc ./Core/Src/stm32f3xx_it.o
                0x080015f6                SysTick_Handler
 *fill*         0x08001602        0x2 
 .text._sbrk    0x08001604       0x6c ./Core/Src/sysmem.o
                0x08001604                _sbrk
 .text.SystemInit
                0x08001670       0x24 ./Core/Src/system_stm32f3xx.o
                0x08001670                SystemInit
 .text.Reset_Handler
                0x08001694       0x50 ./Core/Startup/startup_stm32f303vctx.o
                0x08001694                Reset_Handler
 .text.Default_Handler
                0x080016e4        0x2 ./Core/Startup/startup_stm32f303vctx.o
                0x080016e4                TIM1_BRK_TIM15_IRQHandler
                0x080016e4                TIM8_TRG_COM_IRQHandler
                0x080016e4                TIM8_CC_IRQHandler
                0x080016e4                TIM1_CC_IRQHandler
                0x080016e4                USB_HP_IRQHandler
                0x080016e4                PVD_IRQHandler
                0x080016e4                TAMP_STAMP_IRQHandler
                0x080016e4                USB_HP_CAN_TX_IRQHandler
                0x080016e4                I2C2_EV_IRQHandler
                0x080016e4                FPU_IRQHandler
                0x080016e4                TIM1_UP_TIM16_IRQHandler
                0x080016e4                ADC1_2_IRQHandler
                0x080016e4                SPI1_IRQHandler
                0x080016e4                CAN_SCE_IRQHandler
                0x080016e4                TIM6_DAC_IRQHandler
                0x080016e4                TIM8_UP_IRQHandler
                0x080016e4                DMA2_Channel2_IRQHandler
                0x080016e4                DMA1_Channel4_IRQHandler
                0x080016e4                USART3_IRQHandler
                0x080016e4                DMA1_Channel7_IRQHandler
                0x080016e4                UART5_IRQHandler
                0x080016e4                ADC3_IRQHandler
                0x080016e4                TIM4_IRQHandler
                0x080016e4                CAN_RX1_IRQHandler
                0x080016e4                DMA2_Channel1_IRQHandler
                0x080016e4                I2C1_EV_IRQHandler
                0x080016e4                DMA1_Channel6_IRQHandler
                0x080016e4                UART4_IRQHandler
                0x080016e4                DMA2_Channel4_IRQHandler
                0x080016e4                RCC_IRQHandler
                0x080016e4                DMA1_Channel1_IRQHandler
                0x080016e4                Default_Handler
                0x080016e4                USBWakeUp_RMP_IRQHandler
                0x080016e4                TIM7_IRQHandler
                0x080016e4                RTC_WKUP_IRQHandler
                0x080016e4                SPI2_IRQHandler
                0x080016e4                USB_LP_CAN_RX0_IRQHandler
                0x080016e4                DMA2_Channel5_IRQHandler
                0x080016e4                DMA1_Channel5_IRQHandler
                0x080016e4                USB_LP_IRQHandler
                0x080016e4                TIM1_TRG_COM_TIM17_IRQHandler
                0x080016e4                DMA1_Channel3_IRQHandler
                0x080016e4                ADC4_IRQHandler
                0x080016e4                WWDG_IRQHandler
                0x080016e4                TIM2_IRQHandler
                0x080016e4                COMP7_IRQHandler
                0x080016e4                COMP1_2_3_IRQHandler
                0x080016e4                USART2_IRQHandler
                0x080016e4                COMP4_5_6_IRQHandler
                0x080016e4                I2C2_ER_IRQHandler
                0x080016e4                DMA1_Channel2_IRQHandler
                0x080016e4                TIM8_BRK_IRQHandler
                0x080016e4                FLASH_IRQHandler
                0x080016e4                USART1_IRQHandler
                0x080016e4                SPI3_IRQHandler
                0x080016e4                I2C1_ER_IRQHandler
                0x080016e4                USBWakeUp_IRQHandler
                0x080016e4                DMA2_Channel3_IRQHandler
                0x080016e4                EXTI2_TSC_IRQHandler
                0x080016e4                RTC_Alarm_IRQHandler
 *fill*         0x080016e6        0x2 
 .text.HAL_Init
                0x080016e8       0x2c ./Drivers/STM32F3xx_HAL_Driver/Src/stm32f3xx_hal.o
                0x080016e8                HAL_Init
 .text.HAL_InitTick
                0x08001714       0x60 ./Drivers/STM32F3xx_HAL_Driver/Src/stm32f3xx_hal.o
                0x08001714                HAL_InitTick
 .text.HAL_IncTick
                0x08001774       0x28 ./Drivers/STM32F3xx_HAL_Driver/Src/stm32f3xx_hal.o
                0x08001774                HAL_IncTick
 .text.HAL_GetTick
                0x0800179c       0x18 ./Drivers/STM32F3xx_HAL_Driver/Src/stm32f3xx_hal.o
                0x0800179c                HAL_GetTick
 .text.HAL_Delay
                0x080017b4       0x48 ./Drivers/STM32F3xx_HAL_Driver/Src/stm32f3xx_hal.o
                0x080017b4                HAL_Delay
 .text.__NVIC_SetPriorityGrouping
                0x080017fc       0x48 ./Drivers/STM32F3xx_HAL_Driver/Src/stm32f3xx_hal_cortex.o
 .text.__NVIC_GetPriorityGrouping
                0x08001844       0x1c ./Drivers/STM32F3xx_HAL_Driver/Src/stm32f3xx_hal_cortex.o
 .text.__NVIC_SetPriority
                0x08001860       0x54 ./Drivers/STM32F3xx_HAL_Driver/Src/stm32f3xx_hal_cortex.o
 .text.NVIC_EncodePriority
                0x080018b4       0x66 ./Drivers/STM32F3xx_HAL_Driver/Src/stm32f3xx_hal_cortex.o
 *fill*         0x0800191a        0x2 
 .text.SysTick_Config
                0x0800191c       0x44 ./Drivers/STM32F3xx_HAL_Driver/Src/stm32f3xx_hal_cortex.o
 .text.HAL_NVIC_SetPriorityGrouping
                0x08001960       0x16 ./Drivers/STM32F3xx_HAL_Driver/Src/stm32f3xx_hal_cortex.o
                0x08001960                HAL_NVIC_SetPriorityGrouping
 .text.HAL_NVIC_SetPriority
                0x08001976       0x38 ./Drivers/STM32F3xx_HAL_Driver/Src/stm32f3xx_hal_cortex.o
                0x08001976                HAL_NVIC_SetPriority
 .text.HAL_SYSTICK_Config
                0x080019ae       0x18 ./Drivers/STM32F3xx_HAL_Driver/Src/stm32f3xx_hal_cortex.o
                0x080019ae                HAL_SYSTICK_Config
 *fill*         0x080019c6        0x2 
 .text.HAL_GPIO_Init
                0x080019c8      0x2f4 ./Drivers/STM32F3xx_HAL_Driver/Src/stm32f3xx_hal_gpio.o
                0x080019c8                HAL_GPIO_Init
 .text.HAL_GPIO_WritePin
                0x08001cbc       0x30 ./Drivers/STM32F3xx_HAL_Driver/Src/stm32f3xx_hal_gpio.o
                0x08001cbc                HAL_GPIO_WritePin
 .text.HAL_I2C_Init
                0x08001cec      0x136 ./Drivers/STM32F3xx_HAL_Driver/Src/stm32f3xx_hal_i2c.o
                0x08001cec                HAL_I2C_Init
 .text.HAL_I2CEx_ConfigAnalogFilter
                0x08001e22       0x96 ./Drivers/STM32F3xx_HAL_Driver/Src/stm32f3xx_hal_i2c_ex.o
                0x08001e22                HAL_I2CEx_ConfigAnalogFilter
 .text.HAL_I2CEx_ConfigDigitalFilter
                0x08001eb8       0x98 ./Drivers/STM32F3xx_HAL_Driver/Src/stm32f3xx_hal_i2c_ex.o
                0x08001eb8                HAL_I2CEx_ConfigDigitalFilter
 .text.HAL_PCD_Init
                0x08001f50      0x18e ./Drivers/STM32F3xx_HAL_Driver/Src/stm32f3xx_hal_pcd.o
                0x08001f50                HAL_PCD_Init
 *fill*         0x080020de        0x2 
 .text.HAL_RCC_OscConfig
                0x080020e0     0x107c ./Drivers/STM32F3xx_HAL_Driver/Src/stm32f3xx_hal_rcc.o
                0x080020e0                HAL_RCC_OscConfig
 .text.HAL_RCC_ClockConfig
                0x0800315c      0x2f8 ./Drivers/STM32F3xx_HAL_Driver/Src/stm32f3xx_hal_rcc.o
                0x0800315c                HAL_RCC_ClockConfig
 .text.HAL_RCC_GetSysClockFreq
                0x08003454       0xa8 ./Drivers/STM32F3xx_HAL_Driver/Src/stm32f3xx_hal_rcc.o
                0x08003454                HAL_RCC_GetSysClockFreq
 .text.HAL_RCCEx_PeriphCLKConfig
                0x080034fc      0x360 ./Drivers/STM32F3xx_HAL_Driver/Src/stm32f3xx_hal_rcc_ex.o
                0x080034fc                HAL_RCCEx_PeriphCLKConfig
 .text.HAL_SPI_Init
                0x0800385c      0x156 ./Drivers/STM32F3xx_HAL_Driver/Src/stm32f3xx_hal_spi.o
                0x0800385c                HAL_SPI_Init
 .text.HAL_SPI_Transmit
                0x080039b2      0x2ea ./Drivers/STM32F3xx_HAL_Driver/Src/stm32f3xx_hal_spi.o
                0x080039b2                HAL_SPI_Transmit
 .text.SPI_WaitFlagStateUntilTimeout
                0x08003c9c      0x110 ./Drivers/STM32F3xx_HAL_Driver/Src/stm32f3xx_hal_spi.o
 .text.SPI_WaitFifoStateUntilTimeout
                0x08003dac      0x12c ./Drivers/STM32F3xx_HAL_Driver/Src/stm32f3xx_hal_spi.o
 .text.SPI_EndRxTxTransaction
                0x08003ed8       0x8c ./Drivers/STM32F3xx_HAL_Driver/Src/stm32f3xx_hal_spi.o
 .text.HAL_TIM_Base_Init
                0x08003f64       0xae ./Drivers/STM32F3xx_HAL_Driver/Src/stm32f3xx_hal_tim.o
                0x08003f64                HAL_TIM_Base_Init
 .text.HAL_TIM_PWM_Init
                0x08004012       0xae ./Drivers/STM32F3xx_HAL_Driver/Src/stm32f3xx_hal_tim.o
                0x08004012                HAL_TIM_PWM_Init
 .text.HAL_TIM_PWM_MspInit
                0x080040c0       0x14 ./Drivers/STM32F3xx_HAL_Driver/Src/stm32f3xx_hal_tim.o
                0x080040c0                HAL_TIM_PWM_MspInit
 .text.HAL_TIM_PWM_Start
                0x080040d4      0x200 ./Drivers/STM32F3xx_HAL_Driver/Src/stm32f3xx_hal_tim.o
                0x080040d4                HAL_TIM_PWM_Start
 .text.HAL_TIM_PWM_ConfigChannel
                0x080042d4      0x228 ./Drivers/STM32F3xx_HAL_Driver/Src/stm32f3xx_hal_tim.o
                0x080042d4                HAL_TIM_PWM_ConfigChannel
 .text.HAL_TIM_ConfigClockSource
                0x080044fc      0x192 ./Drivers/STM32F3xx_HAL_Driver/Src/stm32f3xx_hal_tim.o
                0x080044fc                HAL_TIM_ConfigClockSource
 *fill*         0x0800468e        0x2 
 .text.TIM_Base_SetConfig
                0x08004690      0x138 ./Drivers/STM32F3xx_HAL_Driver/Src/stm32f3xx_hal_tim.o
                0x08004690                TIM_Base_SetConfig
 .text.TIM_OC1_SetConfig
                0x080047c8      0x120 ./Drivers/STM32F3xx_HAL_Driver/Src/stm32f3xx_hal_tim.o
 .text.TIM_OC2_SetConfig
                0x080048e8      0x114 ./Drivers/STM32F3xx_HAL_Driver/Src/stm32f3xx_hal_tim.o
                0x080048e8                TIM_OC2_SetConfig
 .text.TIM_OC3_SetConfig
                0x080049fc      0x110 ./Drivers/STM32F3xx_HAL_Driver/Src/stm32f3xx_hal_tim.o
 .text.TIM_OC4_SetConfig
                0x08004b0c       0xd4 ./Drivers/STM32F3xx_HAL_Driver/Src/stm32f3xx_hal_tim.o
 .text.TIM_OC5_SetConfig
                0x08004be0       0xc8 ./Drivers/STM32F3xx_HAL_Driver/Src/stm32f3xx_hal_tim.o
 .text.TIM_OC6_SetConfig
                0x08004ca8       0xcc ./Drivers/STM32F3xx_HAL_Driver/Src/stm32f3xx_hal_tim.o
 .text.TIM_TI1_ConfigInputStage
                0x08004d74       0x5e ./Drivers/STM32F3xx_HAL_Driver/Src/stm32f3xx_hal_tim.o
 .text.TIM_TI2_ConfigInputStage
                0x08004dd2       0x60 ./Drivers/STM32F3xx_HAL_Driver/Src/stm32f3xx_hal_tim.o
 .text.TIM_ITRx_SetConfig
                0x08004e32       0x36 ./Drivers/STM32F3xx_HAL_Driver/Src/stm32f3xx_hal_tim.o
 .text.TIM_ETR_SetConfig
                0x08004e68       0x40 ./Drivers/STM32F3xx_HAL_Driver/Src/stm32f3xx_hal_tim.o
                0x08004e68                TIM_ETR_SetConfig
 .text.TIM_CCxChannelCmd
                0x08004ea8       0x4a ./Drivers/STM32F3xx_HAL_Driver/Src/stm32f3xx_hal_tim.o
                0x08004ea8                TIM_CCxChannelCmd
 *fill*         0x08004ef2        0x2 
 .text.HAL_TIMEx_MasterConfigSynchronization
                0x08004ef4      0x100 ./Drivers/STM32F3xx_HAL_Driver/Src/stm32f3xx_hal_tim_ex.o
                0x08004ef4                HAL_TIMEx_MasterConfigSynchronization
 .text.HAL_TIMEx_ConfigBreakDeadTime
                0x08004ff4       0xfc ./Drivers/STM32F3xx_HAL_Driver/Src/stm32f3xx_hal_tim_ex.o
                0x08004ff4                HAL_TIMEx_ConfigBreakDeadTime
 .text.USB_DisableGlobalInt
                0x080050f0       0x36 ./Drivers/STM32F3xx_HAL_Driver/Src/stm32f3xx_ll_usb.o
                0x080050f0                USB_DisableGlobalInt
 .text.USB_DevInit
                0x08005126       0x3c ./Drivers/STM32F3xx_HAL_Driver/Src/stm32f3xx_ll_usb.o
                0x08005126                USB_DevInit
 *fill*         0x08005162        0x2 
 .text.malloc   0x08005164       0x10 /Applications/STM32CubeIDE.app/Contents/Eclipse/plugins/com.st.stm32cube.ide.mcu.externaltools.gnu-tools-for-stm32.12.3.rel1.macos64_1.1.0.202410301201/tools/bin/../lib/gcc/arm-none-eabi/12.3.1/../../../../arm-none-eabi/lib/thumb/v7e-m+fp/hard/libc_nano.a(libc_a-malloc.o)
                0x08005164                malloc
 .text.sbrk_aligned
                0x08005174       0x44 /Applications/STM32CubeIDE.app/Contents/Eclipse/plugins/com.st.stm32cube.ide.mcu.externaltools.gnu-tools-for-stm32.12.3.rel1.macos64_1.1.0.202410301201/tools/bin/../lib/gcc/arm-none-eabi/12.3.1/../../../../arm-none-eabi/lib/thumb/v7e-m+fp/hard/libc_nano.a(libc_a-mallocr.o)
 .text._malloc_r
                0x080051b8      0x100 /Applications/STM32CubeIDE.app/Contents/Eclipse/plugins/com.st.stm32cube.ide.mcu.externaltools.gnu-tools-for-stm32.12.3.rel1.macos64_1.1.0.202410301201/tools/bin/../lib/gcc/arm-none-eabi/12.3.1/../../../../arm-none-eabi/lib/thumb/v7e-m+fp/hard/libc_nano.a(libc_a-mallocr.o)
                0x080051b8                _malloc_r
 .text.__malloc_lock
                0x080052b8        0xc /Applications/STM32CubeIDE.app/Contents/Eclipse/plugins/com.st.stm32cube.ide.mcu.externaltools.gnu-tools-for-stm32.12.3.rel1.macos64_1.1.0.202410301201/tools/bin/../lib/gcc/arm-none-eabi/12.3.1/../../../../arm-none-eabi/lib/thumb/v7e-m+fp/hard/libc_nano.a(libc_a-mlock.o)
                0x080052b8                __malloc_lock
 .text.__malloc_unlock
                0x080052c4        0xc /Applications/STM32CubeIDE.app/Contents/Eclipse/plugins/com.st.stm32cube.ide.mcu.externaltools.gnu-tools-for-stm32.12.3.rel1.macos64_1.1.0.202410301201/tools/bin/../lib/gcc/arm-none-eabi/12.3.1/../../../../arm-none-eabi/lib/thumb/v7e-m+fp/hard/libc_nano.a(libc_a-mlock.o)
                0x080052c4                __malloc_unlock
 .text.memset   0x080052d0       0x10 /Applications/STM32CubeIDE.app/Contents/Eclipse/plugins/com.st.stm32cube.ide.mcu.externaltools.gnu-tools-for-stm32.12.3.rel1.macos64_1.1.0.202410301201/tools/bin/../lib/gcc/arm-none-eabi/12.3.1/../../../../arm-none-eabi/lib/thumb/v7e-m+fp/hard/libc_nano.a(libc_a-memset.o)
                0x080052d0                memset
 .text._sbrk_r  0x080052e0       0x20 /Applications/STM32CubeIDE.app/Contents/Eclipse/plugins/com.st.stm32cube.ide.mcu.externaltools.gnu-tools-for-stm32.12.3.rel1.macos64_1.1.0.202410301201/tools/bin/../lib/gcc/arm-none-eabi/12.3.1/../../../../arm-none-eabi/lib/thumb/v7e-m+fp/hard/libc_nano.a(libc_a-sbrkr.o)
                0x080052e0                _sbrk_r
 .text.__errno  0x08005300        0xc /Applications/STM32CubeIDE.app/Contents/Eclipse/plugins/com.st.stm32cube.ide.mcu.externaltools.gnu-tools-for-stm32.12.3.rel1.macos64_1.1.0.202410301201/tools/bin/../lib/gcc/arm-none-eabi/12.3.1/../../../../arm-none-eabi/lib/thumb/v7e-m+fp/hard/libc_nano.a(libc_a-errno.o)
                0x08005300                __errno
 .text.__libc_init_array
                0x0800530c       0x48 /Applications/STM32CubeIDE.app/Contents/Eclipse/plugins/com.st.stm32cube.ide.mcu.externaltools.gnu-tools-for-stm32.12.3.rel1.macos64_1.1.0.202410301201/tools/bin/../lib/gcc/arm-none-eabi/12.3.1/../../../../arm-none-eabi/lib/thumb/v7e-m+fp/hard/libc_nano.a(libc_a-init.o)
                0x0800530c                __libc_init_array
 .text.__retarget_lock_acquire_recursive
                0x08005354        0x2 /Applications/STM32CubeIDE.app/Contents/Eclipse/plugins/com.st.stm32cube.ide.mcu.externaltools.gnu-tools-for-stm32.12.3.rel1.macos64_1.1.0.202410301201/tools/bin/../lib/gcc/arm-none-eabi/12.3.1/../../../../arm-none-eabi/lib/thumb/v7e-m+fp/hard/libc_nano.a(libc_a-lock.o)
                0x08005354                __retarget_lock_acquire_recursive
 .text.__retarget_lock_release_recursive
                0x08005356        0x2 /Applications/STM32CubeIDE.app/Contents/Eclipse/plugins/com.st.stm32cube.ide.mcu.externaltools.gnu-tools-for-stm32.12.3.rel1.macos64_1.1.0.202410301201/tools/bin/../lib/gcc/arm-none-eabi/12.3.1/../../../../arm-none-eabi/lib/thumb/v7e-m+fp/hard/libc_nano.a(libc_a-lock.o)
                0x08005356                __retarget_lock_release_recursive
 *(.glue_7)
 .glue_7        0x08005358        0x0 linker stubs
 *(.glue_7t)
 .glue_7t       0x08005358        0x0 linker stubs
 *(.eh_frame)
 .eh_frame      0x08005358        0x0 /Applications/STM32CubeIDE.app/Contents/Eclipse/plugins/com.st.stm32cube.ide.mcu.externaltools.gnu-tools-for-stm32.12.3.rel1.macos64_1.1.0.202410301201/tools/bin/../lib/gcc/arm-none-eabi/12.3.1/thumb/v7e-m+fp/hard/crtbegin.o
 *(.init)
 .init          0x08005358        0x4 /Applications/STM32CubeIDE.app/Contents/Eclipse/plugins/com.st.stm32cube.ide.mcu.externaltools.gnu-tools-for-stm32.12.3.rel1.macos64_1.1.0.202410301201/tools/bin/../lib/gcc/arm-none-eabi/12.3.1/thumb/v7e-m+fp/hard/crti.o
                0x08005358                _init
 .init          0x0800535c        0x8 /Applications/STM32CubeIDE.app/Contents/Eclipse/plugins/com.st.stm32cube.ide.mcu.externaltools.gnu-tools-for-stm32.12.3.rel1.macos64_1.1.0.202410301201/tools/bin/../lib/gcc/arm-none-eabi/12.3.1/thumb/v7e-m+fp/hard/crtn.o
 *(.fini)
 .fini          0x08005364        0x4 /Applications/STM32CubeIDE.app/Contents/Eclipse/plugins/com.st.stm32cube.ide.mcu.externaltools.gnu-tools-for-stm32.12.3.rel1.macos64_1.1.0.202410301201/tools/bin/../lib/gcc/arm-none-eabi/12.3.1/thumb/v7e-m+fp/hard/crti.o
                0x08005364                _fini
 .fini          0x08005368        0x8 /Applications/STM32CubeIDE.app/Contents/Eclipse/plugins/com.st.stm32cube.ide.mcu.externaltools.gnu-tools-for-stm32.12.3.rel1.macos64_1.1.0.202410301201/tools/bin/../lib/gcc/arm-none-eabi/12.3.1/thumb/v7e-m+fp/hard/crtn.o
                0x08005370                        . = ALIGN (0x4)
                0x08005370                        _etext = .

.vfp11_veneer   0x08005370        0x0
 .vfp11_veneer  0x08005370        0x0 linker stubs

.v4_bx          0x08005370        0x0
 .v4_bx         0x08005370        0x0 linker stubs

.iplt           0x08005370        0x0
 .iplt          0x08005370        0x0 /Applications/STM32CubeIDE.app/Contents/Eclipse/plugins/com.st.stm32cube.ide.mcu.externaltools.gnu-tools-for-stm32.12.3.rel1.macos64_1.1.0.202410301201/tools/bin/../lib/gcc/arm-none-eabi/12.3.1/thumb/v7e-m+fp/hard/crtbegin.o

.rodata         0x08005370      0x23c
                0x08005370                        . = ALIGN (0x4)
 *(.rodata)
 .rodata        0x08005370      0x1bb ./Core/Src/main.o
 *(.rodata*)
 *fill*         0x0800552b        0x1 
 .rodata.adr_link
                0x0800552c       0x14 ./Core/Src/GPIO.o
                0x0800552c                adr_link
 .rodata.clock_mask_link
                0x08005540       0x14 ./Core/Src/GPIO.o
                0x08005540                clock_mask_link
 .rodata.data   0x08005554        0x8 ./Core/Src/LED_MATRIX.o
                0x08005554                data
 .rodata.data2  0x0800555c        0x8 ./Core/Src/LED_MATRIX.o
                0x0800555c                data2
 .rodata.data3  0x08005564        0x8 ./Core/Src/LED_MATRIX.o
                0x08005564                data3
 .rodata.empty  0x0800556c        0x8 ./Core/Src/LED_MATRIX.o
                0x0800556c                empty
 .rodata.song_length
                0x08005574        0x4 ./Core/Src/song.o
                0x08005574                song_length
 .rodata.song_length_third
                0x08005578        0x4 ./Core/Src/song.o
                0x08005578                song_length_third
 .rodata.AHBPrescTable
                0x0800557c       0x10 ./Core/Src/system_stm32f3xx.o
                0x0800557c                AHBPrescTable
 .rodata.aPLLMULFactorTable
                0x0800558c       0x10 ./Drivers/STM32F3xx_HAL_Driver/Src/stm32f3xx_hal_rcc.o
 .rodata.aPredivFactorTable
                0x0800559c       0x10 ./Drivers/STM32F3xx_HAL_Driver/Src/stm32f3xx_hal_rcc.o
                0x080055ac                        . = ALIGN (0x4)

.ARM.extab      0x080055ac        0x0
                0x080055ac                        . = ALIGN (0x4)
 *(.ARM.extab* .gnu.linkonce.armextab.*)
                0x080055ac                        . = ALIGN (0x4)

.ARM            0x080055ac        0x0
                0x080055ac                        . = ALIGN (0x4)
                0x080055ac                        __exidx_start = .
 *(.ARM.exidx*)
                0x080055ac                        __exidx_end = .
                0x080055ac                        . = ALIGN (0x4)

.preinit_array  0x080055ac        0x0
                0x080055ac                        . = ALIGN (0x4)
                0x080055ac                        PROVIDE (__preinit_array_start = .)
 *(.preinit_array*)
                0x080055ac                        PROVIDE (__preinit_array_end = .)
                0x080055ac                        . = ALIGN (0x4)

.init_array     0x080055ac        0x4
                0x080055ac                        . = ALIGN (0x4)
                0x080055ac                        PROVIDE (__init_array_start = .)
 *(SORT_BY_NAME(.init_array.*))
 *(.init_array*)
 .init_array    0x080055ac        0x4 /Applications/STM32CubeIDE.app/Contents/Eclipse/plugins/com.st.stm32cube.ide.mcu.externaltools.gnu-tools-for-stm32.12.3.rel1.macos64_1.1.0.202410301201/tools/bin/../lib/gcc/arm-none-eabi/12.3.1/thumb/v7e-m+fp/hard/crtbegin.o
                0x080055b0                        PROVIDE (__init_array_end = .)
                0x080055b0                        . = ALIGN (0x4)

.fini_array     0x080055b0        0x4
                0x080055b0                        . = ALIGN (0x4)
                [!provide]                        PROVIDE (__fini_array_start = .)
 *(SORT_BY_NAME(.fini_array.*))
 *(.fini_array*)
 .fini_array    0x080055b0        0x4 /Applications/STM32CubeIDE.app/Contents/Eclipse/plugins/com.st.stm32cube.ide.mcu.externaltools.gnu-tools-for-stm32.12.3.rel1.macos64_1.1.0.202410301201/tools/bin/../lib/gcc/arm-none-eabi/12.3.1/thumb/v7e-m+fp/hard/crtbegin.o
                [!provide]                        PROVIDE (__fini_array_end = .)
                0x080055b4                        . = ALIGN (0x4)
                0x080055b4                        _sidata = LOADADDR (.data)

.rel.dyn        0x080055b4        0x0
 .rel.iplt      0x080055b4        0x0 /Applications/STM32CubeIDE.app/Contents/Eclipse/plugins/com.st.stm32cube.ide.mcu.externaltools.gnu-tools-for-stm32.12.3.rel1.macos64_1.1.0.202410301201/tools/bin/../lib/gcc/arm-none-eabi/12.3.1/thumb/v7e-m+fp/hard/crtbegin.o

.data           0x20000000      0x6f8 load address 0x080055b4
                0x20000000                        . = ALIGN (0x4)
                0x20000000                        _sdata = .
 *(.data)
 *(.data*)
 .data.state_counter
                0x20000000        0x1 ./Core/Src/main.o
                0x20000000                state_counter
 *fill*         0x20000001        0x3 
 .data.USART1_PORT
                0x20000004       0x40 ./Core/Src/serial.o
                0x20000004                USART1_PORT
 .data.notes    0x20000044      0x32c ./Core/Src/song.o
                0x20000044                notes
 .data.durations
                0x20000370      0x32c ./Core/Src/song.o
                0x20000370                durations
 .data.SystemCoreClock
                0x2000069c        0x4 ./Core/Src/system_stm32f3xx.o
                0x2000069c                SystemCoreClock
 .data.uwTickPrio
                0x200006a0        0x4 ./Drivers/STM32F3xx_HAL_Driver/Src/stm32f3xx_hal.o
                0x200006a0                uwTickPrio
 .data.uwTickFreq
                0x200006a4        0x1 ./Drivers/STM32F3xx_HAL_Driver/Src/stm32f3xx_hal.o
                0x200006a4                uwTickFreq
 *fill*         0x200006a5        0x3 
 .data._impure_ptr
                0x200006a8        0x4 /Applications/STM32CubeIDE.app/Contents/Eclipse/plugins/com.st.stm32cube.ide.mcu.externaltools.gnu-tools-for-stm32.12.3.rel1.macos64_1.1.0.202410301201/tools/bin/../lib/gcc/arm-none-eabi/12.3.1/../../../../arm-none-eabi/lib/thumb/v7e-m+fp/hard/libc_nano.a(libc_a-impure.o)
                0x200006a8                _impure_ptr
 .data._impure_data
                0x200006ac       0x4c /Applications/STM32CubeIDE.app/Contents/Eclipse/plugins/com.st.stm32cube.ide.mcu.externaltools.gnu-tools-for-stm32.12.3.rel1.macos64_1.1.0.202410301201/tools/bin/../lib/gcc/arm-none-eabi/12.3.1/../../../../arm-none-eabi/lib/thumb/v7e-m+fp/hard/libc_nano.a(libc_a-impure.o)
                0x200006ac                _impure_data
 *(.RamFunc)
 *(.RamFunc*)
                0x200006f8                        . = ALIGN (0x4)
                0x200006f8                        _edata = .
                0x08005cac                        _siccmram = LOADADDR (.ccmram)

.igot.plt       0x200006f8        0x0 load address 0x08005cac
 .igot.plt      0x200006f8        0x0 /Applications/STM32CubeIDE.app/Contents/Eclipse/plugins/com.st.stm32cube.ide.mcu.externaltools.gnu-tools-for-stm32.12.3.rel1.macos64_1.1.0.202410301201/tools/bin/../lib/gcc/arm-none-eabi/12.3.1/thumb/v7e-m+fp/hard/crtbegin.o

.ccmram         0x10000000        0x0 load address 0x08005cac
                0x10000000                        . = ALIGN (0x4)
                0x10000000                        _sccmram = .
 *(.ccmram)
 *(.ccmram*)
                0x10000000                        . = ALIGN (0x4)
                0x10000000                        _eccmram = .
                0x10000000                        . = ALIGN (0x4)

.bss            0x200006f8      0x594
                0x200006f8                        _sbss = .
                0x200006f8                        __bss_start__ = _sbss
 *(.bss)
 .bss           0x200006f8       0x1c /Applications/STM32CubeIDE.app/Contents/Eclipse/plugins/com.st.stm32cube.ide.mcu.externaltools.gnu-tools-for-stm32.12.3.rel1.macos64_1.1.0.202410301201/tools/bin/../lib/gcc/arm-none-eabi/12.3.1/thumb/v7e-m+fp/hard/crtbegin.o
 *(.bss*)
 .bss.EXTI_Callbacks
                0x20000714       0x40 ./Core/Src/GPIO.o
                0x20000714                EXTI_Callbacks
 .bss.delay_done
                0x20000754        0x1 ./Core/Src/delay.o
                0x20000754                delay_done
 *fill*         0x20000755        0x3 
 .bss.hi2c1     0x20000758       0x54 ./Core/Src/main.o
                0x20000758                hi2c1
 .bss.hspi1     0x200007ac       0x64 ./Core/Src/main.o
                0x200007ac                hspi1
 .bss.htim1     0x20000810       0x4c ./Core/Src/main.o
                0x20000810                htim1
 .bss.hpcd_USB_FS
                0x2000085c      0x2d4 ./Core/Src/main.o
                0x2000085c                hpcd_USB_FS
 .bss.led_pins  0x20000b30        0x4 ./Core/Src/main.o
                0x20000b30                led_pins
 .bss.play_song_2
                0x20000b34        0x4 ./Core/Src/song.o
                0x20000b34                play_song_2
 .bss.play_song_3
                0x20000b38        0x4 ./Core/Src/song.o
                0x20000b38                play_song_3
 .bss.__sbrk_heap_end
                0x20000b3c        0x4 ./Core/Src/sysmem.o
 .bss.uwTick    0x20000b40        0x4 ./Drivers/STM32F3xx_HAL_Driver/Src/stm32f3xx_hal.o
                0x20000b40                uwTick
 .bss.__malloc_sbrk_start
                0x20000b44        0x4 /Applications/STM32CubeIDE.app/Contents/Eclipse/plugins/com.st.stm32cube.ide.mcu.externaltools.gnu-tools-for-stm32.12.3.rel1.macos64_1.1.0.202410301201/tools/bin/../lib/gcc/arm-none-eabi/12.3.1/../../../../arm-none-eabi/lib/thumb/v7e-m+fp/hard/libc_nano.a(libc_a-mallocr.o)
                0x20000b44                __malloc_sbrk_start
 .bss.__malloc_free_list
                0x20000b48        0x4 /Applications/STM32CubeIDE.app/Contents/Eclipse/plugins/com.st.stm32cube.ide.mcu.externaltools.gnu-tools-for-stm32.12.3.rel1.macos64_1.1.0.202410301201/tools/bin/../lib/gcc/arm-none-eabi/12.3.1/../../../../arm-none-eabi/lib/thumb/v7e-m+fp/hard/libc_nano.a(libc_a-mallocr.o)
                0x20000b48                __malloc_free_list
 .bss.__sf      0x20000b4c      0x138 /Applications/STM32CubeIDE.app/Contents/Eclipse/plugins/com.st.stm32cube.ide.mcu.externaltools.gnu-tools-for-stm32.12.3.rel1.macos64_1.1.0.202410301201/tools/bin/../lib/gcc/arm-none-eabi/12.3.1/../../../../arm-none-eabi/lib/thumb/v7e-m+fp/hard/libc_nano.a(libc_a-findfp.o)
                0x20000b4c                __sf
 .bss.__lock___malloc_recursive_mutex
                0x20000c84        0x1 /Applications/STM32CubeIDE.app/Contents/Eclipse/plugins/com.st.stm32cube.ide.mcu.externaltools.gnu-tools-for-stm32.12.3.rel1.macos64_1.1.0.202410301201/tools/bin/../lib/gcc/arm-none-eabi/12.3.1/../../../../arm-none-eabi/lib/thumb/v7e-m+fp/hard/libc_nano.a(libc_a-lock.o)
                0x20000c84                __lock___malloc_recursive_mutex
 *fill*         0x20000c85        0x3 
 .bss.errno     0x20000c88        0x4 /Applications/STM32CubeIDE.app/Contents/Eclipse/plugins/com.st.stm32cube.ide.mcu.externaltools.gnu-tools-for-stm32.12.3.rel1.macos64_1.1.0.202410301201/tools/bin/../lib/gcc/arm-none-eabi/12.3.1/../../../../arm-none-eabi/lib/thumb/v7e-m+fp/hard/libc_nano.a(libc_a-reent.o)
                0x20000c88                errno
 *(COMMON)
                0x20000c8c                        . = ALIGN (0x4)
                0x20000c8c                        _ebss = .
                0x20000c8c                        __bss_end__ = _ebss

._user_heap_stack
                0x20000c8c      0x604
                0x20000c90                        . = ALIGN (0x8)
 *fill*         0x20000c8c        0x4 
                [!provide]                        PROVIDE (end = .)
                0x20000c90                        PROVIDE (_end = .)
                0x20000e90                        . = (. + _Min_Heap_Size)
 *fill*         0x20000c90      0x200 
                0x20001290                        . = (. + _Min_Stack_Size)
 *fill*         0x20000e90      0x400 
                0x20001290                        . = ALIGN (0x8)

/DISCARD/
 libc.a(*)
 libm.a(*)
 libgcc.a(*)

.ARM.attributes
                0x00000000       0x30
 *(.ARM.attributes)
 .ARM.attributes
                0x00000000       0x22 /Applications/STM32CubeIDE.app/Contents/Eclipse/plugins/com.st.stm32cube.ide.mcu.externaltools.gnu-tools-for-stm32.12.3.rel1.macos64_1.1.0.202410301201/tools/bin/../lib/gcc/arm-none-eabi/12.3.1/thumb/v7e-m+fp/hard/crti.o
 .ARM.attributes
                0x00000022       0x34 /Applications/STM32CubeIDE.app/Contents/Eclipse/plugins/com.st.stm32cube.ide.mcu.externaltools.gnu-tools-for-stm32.12.3.rel1.macos64_1.1.0.202410301201/tools/bin/../lib/gcc/arm-none-eabi/12.3.1/thumb/v7e-m+fp/hard/crtbegin.o
 .ARM.attributes
                0x00000056       0x34 ./Core/Src/GPIO.o
 .ARM.attributes
                0x0000008a       0x34 ./Core/Src/LED_MATRIX.o
 .ARM.attributes
                0x000000be       0x34 ./Core/Src/delay.o
 .ARM.attributes
                0x000000f2       0x34 ./Core/Src/main.o
 .ARM.attributes
                0x00000126       0x34 ./Core/Src/serial.o
 .ARM.attributes
                0x0000015a       0x34 ./Core/Src/song.o
 .ARM.attributes
                0x0000018e       0x34 ./Core/Src/stm32f3xx_hal_msp.o
 .ARM.attributes
                0x000001c2       0x34 ./Core/Src/stm32f3xx_it.o
 .ARM.attributes
                0x000001f6       0x34 ./Core/Src/sysmem.o
 .ARM.attributes
                0x0000022a       0x34 ./Core/Src/system_stm32f3xx.o
 .ARM.attributes
                0x0000025e       0x21 ./Core/Startup/startup_stm32f303vctx.o
 .ARM.attributes
                0x0000027f       0x34 ./Drivers/STM32F3xx_HAL_Driver/Src/stm32f3xx_hal.o
 .ARM.attributes
                0x000002b3       0x34 ./Drivers/STM32F3xx_HAL_Driver/Src/stm32f3xx_hal_cortex.o
 .ARM.attributes
                0x000002e7       0x34 ./Drivers/STM32F3xx_HAL_Driver/Src/stm32f3xx_hal_gpio.o
 .ARM.attributes
                0x0000031b       0x34 ./Drivers/STM32F3xx_HAL_Driver/Src/stm32f3xx_hal_i2c.o
 .ARM.attributes
                0x0000034f       0x34 ./Drivers/STM32F3xx_HAL_Driver/Src/stm32f3xx_hal_i2c_ex.o
 .ARM.attributes
                0x00000383       0x34 ./Drivers/STM32F3xx_HAL_Driver/Src/stm32f3xx_hal_pcd.o
 .ARM.attributes
                0x000003b7       0x34 ./Drivers/STM32F3xx_HAL_Driver/Src/stm32f3xx_hal_rcc.o
 .ARM.attributes
                0x000003eb       0x34 ./Drivers/STM32F3xx_HAL_Driver/Src/stm32f3xx_hal_rcc_ex.o
 .ARM.attributes
                0x0000041f       0x34 ./Drivers/STM32F3xx_HAL_Driver/Src/stm32f3xx_hal_spi.o
 .ARM.attributes
                0x00000453       0x34 ./Drivers/STM32F3xx_HAL_Driver/Src/stm32f3xx_hal_tim.o
 .ARM.attributes
                0x00000487       0x34 ./Drivers/STM32F3xx_HAL_Driver/Src/stm32f3xx_hal_tim_ex.o
 .ARM.attributes
                0x000004bb       0x34 ./Drivers/STM32F3xx_HAL_Driver/Src/stm32f3xx_ll_usb.o
 .ARM.attributes
                0x000004ef       0x34 /Applications/STM32CubeIDE.app/Contents/Eclipse/plugins/com.st.stm32cube.ide.mcu.externaltools.gnu-tools-for-stm32.12.3.rel1.macos64_1.1.0.202410301201/tools/bin/../lib/gcc/arm-none-eabi/12.3.1/../../../../arm-none-eabi/lib/thumb/v7e-m+fp/hard/libc_nano.a(libc_a-malloc.o)
 .ARM.attributes
                0x00000523       0x34 /Applications/STM32CubeIDE.app/Contents/Eclipse/plugins/com.st.stm32cube.ide.mcu.externaltools.gnu-tools-for-stm32.12.3.rel1.macos64_1.1.0.202410301201/tools/bin/../lib/gcc/arm-none-eabi/12.3.1/../../../../arm-none-eabi/lib/thumb/v7e-m+fp/hard/libc_nano.a(libc_a-mallocr.o)
 .ARM.attributes
                0x00000557       0x34 /Applications/STM32CubeIDE.app/Contents/Eclipse/plugins/com.st.stm32cube.ide.mcu.externaltools.gnu-tools-for-stm32.12.3.rel1.macos64_1.1.0.202410301201/tools/bin/../lib/gcc/arm-none-eabi/12.3.1/../../../../arm-none-eabi/lib/thumb/v7e-m+fp/hard/libc_nano.a(libc_a-mlock.o)
 .ARM.attributes
                0x0000058b       0x34 /Applications/STM32CubeIDE.app/Contents/Eclipse/plugins/com.st.stm32cube.ide.mcu.externaltools.gnu-tools-for-stm32.12.3.rel1.macos64_1.1.0.202410301201/tools/bin/../lib/gcc/arm-none-eabi/12.3.1/../../../../arm-none-eabi/lib/thumb/v7e-m+fp/hard/libc_nano.a(libc_a-findfp.o)
 .ARM.attributes
                0x000005bf       0x34 /Applications/STM32CubeIDE.app/Contents/Eclipse/plugins/com.st.stm32cube.ide.mcu.externaltools.gnu-tools-for-stm32.12.3.rel1.macos64_1.1.0.202410301201/tools/bin/../lib/gcc/arm-none-eabi/12.3.1/../../../../arm-none-eabi/lib/thumb/v7e-m+fp/hard/libc_nano.a(libc_a-memset.o)
 .ARM.attributes
                0x000005f3       0x34 /Applications/STM32CubeIDE.app/Contents/Eclipse/plugins/com.st.stm32cube.ide.mcu.externaltools.gnu-tools-for-stm32.12.3.rel1.macos64_1.1.0.202410301201/tools/bin/../lib/gcc/arm-none-eabi/12.3.1/../../../../arm-none-eabi/lib/thumb/v7e-m+fp/hard/libc_nano.a(libc_a-impure.o)
 .ARM.attributes
                0x00000627       0x34 /Applications/STM32CubeIDE.app/Contents/Eclipse/plugins/com.st.stm32cube.ide.mcu.externaltools.gnu-tools-for-stm32.12.3.rel1.macos64_1.1.0.202410301201/tools/bin/../lib/gcc/arm-none-eabi/12.3.1/../../../../arm-none-eabi/lib/thumb/v7e-m+fp/hard/libc_nano.a(libc_a-sbrkr.o)
 .ARM.attributes
                0x0000065b       0x34 /Applications/STM32CubeIDE.app/Contents/Eclipse/plugins/com.st.stm32cube.ide.mcu.externaltools.gnu-tools-for-stm32.12.3.rel1.macos64_1.1.0.202410301201/tools/bin/../lib/gcc/arm-none-eabi/12.3.1/../../../../arm-none-eabi/lib/thumb/v7e-m+fp/hard/libc_nano.a(libc_a-errno.o)
 .ARM.attributes
                0x0000068f       0x34 /Applications/STM32CubeIDE.app/Contents/Eclipse/plugins/com.st.stm32cube.ide.mcu.externaltools.gnu-tools-for-stm32.12.3.rel1.macos64_1.1.0.202410301201/tools/bin/../lib/gcc/arm-none-eabi/12.3.1/../../../../arm-none-eabi/lib/thumb/v7e-m+fp/hard/libc_nano.a(libc_a-init.o)
 .ARM.attributes
                0x000006c3       0x34 /Applications/STM32CubeIDE.app/Contents/Eclipse/plugins/com.st.stm32cube.ide.mcu.externaltools.gnu-tools-for-stm32.12.3.rel1.macos64_1.1.0.202410301201/tools/bin/../lib/gcc/arm-none-eabi/12.3.1/../../../../arm-none-eabi/lib/thumb/v7e-m+fp/hard/libc_nano.a(libc_a-lock.o)
 .ARM.attributes
                0x000006f7       0x34 /Applications/STM32CubeIDE.app/Contents/Eclipse/plugins/com.st.stm32cube.ide.mcu.externaltools.gnu-tools-for-stm32.12.3.rel1.macos64_1.1.0.202410301201/tools/bin/../lib/gcc/arm-none-eabi/12.3.1/../../../../arm-none-eabi/lib/thumb/v7e-m+fp/hard/libc_nano.a(libc_a-reent.o)
 .ARM.attributes
                0x0000072b       0x22 /Applications/STM32CubeIDE.app/Contents/Eclipse/plugins/com.st.stm32cube.ide.mcu.externaltools.gnu-tools-for-stm32.12.3.rel1.macos64_1.1.0.202410301201/tools/bin/../lib/gcc/arm-none-eabi/12.3.1/thumb/v7e-m+fp/hard/crtn.o
OUTPUT(Minigamne1.elf elf32-littlearm)
LOAD linker stubs
LOAD /Applications/STM32CubeIDE.app/Contents/Eclipse/plugins/com.st.stm32cube.ide.mcu.externaltools.gnu-tools-for-stm32.12.3.rel1.macos64_1.1.0.202410301201/tools/bin/../lib/gcc/arm-none-eabi/12.3.1/../../../../arm-none-eabi/lib/thumb/v7e-m+fp/hard/libc.a
LOAD /Applications/STM32CubeIDE.app/Contents/Eclipse/plugins/com.st.stm32cube.ide.mcu.externaltools.gnu-tools-for-stm32.12.3.rel1.macos64_1.1.0.202410301201/tools/bin/../lib/gcc/arm-none-eabi/12.3.1/../../../../arm-none-eabi/lib/thumb/v7e-m+fp/hard/libm.a
LOAD /Applications/STM32CubeIDE.app/Contents/Eclipse/plugins/com.st.stm32cube.ide.mcu.externaltools.gnu-tools-for-stm32.12.3.rel1.macos64_1.1.0.202410301201/tools/bin/../lib/gcc/arm-none-eabi/12.3.1/thumb/v7e-m+fp/hard/libgcc.a

.debug_info     0x00000000    0x13df5
 .debug_info    0x00000000     0x1043 ./Core/Src/GPIO.o
 .debug_info    0x00001043      0x241 ./Core/Src/LED_MATRIX.o
 .debug_info    0x00001284      0x872 ./Core/Src/delay.o
 .debug_info    0x00001af6     0x1f28 ./Core/Src/main.o
 .debug_info    0x00003a1e      0x6aa ./Core/Src/serial.o
 .debug_info    0x000040c8       0xff ./Core/Src/song.o
 .debug_info    0x000041c7     0x14ff ./Core/Src/stm32f3xx_hal_msp.o
 .debug_info    0x000056c6      0x113 ./Core/Src/stm32f3xx_it.o
 .debug_info    0x000057d9      0x168 ./Core/Src/sysmem.o
 .debug_info    0x00005941      0x407 ./Core/Src/system_stm32f3xx.o
 .debug_info    0x00005d48       0x30 ./Core/Startup/startup_stm32f303vctx.o
 .debug_info    0x00005d78      0x7d4 ./Drivers/STM32F3xx_HAL_Driver/Src/stm32f3xx_hal.o
 .debug_info    0x0000654c      0xce4 ./Drivers/STM32F3xx_HAL_Driver/Src/stm32f3xx_hal_cortex.o
 .debug_info    0x00007230      0x5fe ./Drivers/STM32F3xx_HAL_Driver/Src/stm32f3xx_hal_gpio.o
 .debug_info    0x0000782e     0x20c3 ./Drivers/STM32F3xx_HAL_Driver/Src/stm32f3xx_hal_i2c.o
 .debug_info    0x000098f1      0x818 ./Drivers/STM32F3xx_HAL_Driver/Src/stm32f3xx_hal_i2c_ex.o
 .debug_info    0x0000a109     0x166f ./Drivers/STM32F3xx_HAL_Driver/Src/stm32f3xx_hal_pcd.o
 .debug_info    0x0000b778     0x148a ./Drivers/STM32F3xx_HAL_Driver/Src/stm32f3xx_hal_rcc.o
 .debug_info    0x0000cc02      0x5b9 ./Drivers/STM32F3xx_HAL_Driver/Src/stm32f3xx_hal_rcc_ex.o
 .debug_info    0x0000d1bb     0x1622 ./Drivers/STM32F3xx_HAL_Driver/Src/stm32f3xx_hal_spi.o
 .debug_info    0x0000e7dd     0x2a70 ./Drivers/STM32F3xx_HAL_Driver/Src/stm32f3xx_hal_tim.o
 .debug_info    0x0001124d     0x156d ./Drivers/STM32F3xx_HAL_Driver/Src/stm32f3xx_hal_tim_ex.o
 .debug_info    0x000127ba     0x163b ./Drivers/STM32F3xx_HAL_Driver/Src/stm32f3xx_ll_usb.o

.debug_abbrev   0x00000000     0x2db7
 .debug_abbrev  0x00000000      0x327 ./Core/Src/GPIO.o
 .debug_abbrev  0x00000327      0x12f ./Core/Src/LED_MATRIX.o
 .debug_abbrev  0x00000456      0x1cb ./Core/Src/delay.o
 .debug_abbrev  0x00000621      0x3bb ./Core/Src/main.o
 .debug_abbrev  0x000009dc      0x1d5 ./Core/Src/serial.o
 .debug_abbrev  0x00000bb1       0x7d ./Core/Src/song.o
 .debug_abbrev  0x00000c2e      0x258 ./Core/Src/stm32f3xx_hal_msp.o
 .debug_abbrev  0x00000e86       0x73 ./Core/Src/stm32f3xx_it.o
 .debug_abbrev  0x00000ef9       0xbc ./Core/Src/sysmem.o
 .debug_abbrev  0x00000fb5      0x11a ./Core/Src/system_stm32f3xx.o
 .debug_abbrev  0x000010cf       0x24 ./Core/Startup/startup_stm32f303vctx.o
 .debug_abbrev  0x000010f3      0x215 ./Drivers/STM32F3xx_HAL_Driver/Src/stm32f3xx_hal.o
 .debug_abbrev  0x00001308      0x31e ./Drivers/STM32F3xx_HAL_Driver/Src/stm32f3xx_hal_cortex.o
 .debug_abbrev  0x00001626      0x1ca ./Drivers/STM32F3xx_HAL_Driver/Src/stm32f3xx_hal_gpio.o
 .debug_abbrev  0x000017f0      0x260 ./Drivers/STM32F3xx_HAL_Driver/Src/stm32f3xx_hal_i2c.o
 .debug_abbrev  0x00001a50      0x1c2 ./Drivers/STM32F3xx_HAL_Driver/Src/stm32f3xx_hal_i2c_ex.o
 .debug_abbrev  0x00001c12      0x2d9 ./Drivers/STM32F3xx_HAL_Driver/Src/stm32f3xx_hal_pcd.o
 .debug_abbrev  0x00001eeb      0x300 ./Drivers/STM32F3xx_HAL_Driver/Src/stm32f3xx_hal_rcc.o
 .debug_abbrev  0x000021eb      0x221 ./Drivers/STM32F3xx_HAL_Driver/Src/stm32f3xx_hal_rcc_ex.o
 .debug_abbrev  0x0000240c      0x269 ./Drivers/STM32F3xx_HAL_Driver/Src/stm32f3xx_hal_spi.o
 .debug_abbrev  0x00002675      0x278 ./Drivers/STM32F3xx_HAL_Driver/Src/stm32f3xx_hal_tim.o
 .debug_abbrev  0x000028ed      0x283 ./Drivers/STM32F3xx_HAL_Driver/Src/stm32f3xx_hal_tim_ex.o
 .debug_abbrev  0x00002b70      0x247 ./Drivers/STM32F3xx_HAL_Driver/Src/stm32f3xx_ll_usb.o

.debug_aranges  0x00000000     0x1298
 .debug_aranges
                0x00000000       0xa0 ./Core/Src/GPIO.o
 .debug_aranges
                0x000000a0       0x40 ./Core/Src/LED_MATRIX.o
 .debug_aranges
                0x000000e0       0x48 ./Core/Src/delay.o
 .debug_aranges
                0x00000128       0x90 ./Core/Src/main.o
 .debug_aranges
                0x000001b8       0x50 ./Core/Src/serial.o
 .debug_aranges
                0x00000208       0x18 ./Core/Src/song.o
 .debug_aranges
                0x00000220       0x68 ./Core/Src/stm32f3xx_hal_msp.o
 .debug_aranges
                0x00000288       0x60 ./Core/Src/stm32f3xx_it.o
 .debug_aranges
                0x000002e8       0x20 ./Core/Src/sysmem.o
 .debug_aranges
                0x00000308       0x28 ./Core/Src/system_stm32f3xx.o
 .debug_aranges
                0x00000330       0x28 ./Core/Startup/startup_stm32f303vctx.o
 .debug_aranges
                0x00000358       0xe0 ./Drivers/STM32F3xx_HAL_Driver/Src/stm32f3xx_hal.o
 .debug_aranges
                0x00000438      0x128 ./Drivers/STM32F3xx_HAL_Driver/Src/stm32f3xx_hal_cortex.o
 .debug_aranges
                0x00000560       0x58 ./Drivers/STM32F3xx_HAL_Driver/Src/stm32f3xx_hal_gpio.o
 .debug_aranges
                0x000005b8      0x2a0 ./Drivers/STM32F3xx_HAL_Driver/Src/stm32f3xx_hal_i2c.o
 .debug_aranges
                0x00000858       0x48 ./Drivers/STM32F3xx_HAL_Driver/Src/stm32f3xx_hal_i2c_ex.o
 .debug_aranges
                0x000008a0      0x140 ./Drivers/STM32F3xx_HAL_Driver/Src/stm32f3xx_hal_pcd.o
 .debug_aranges
                0x000009e0       0x88 ./Drivers/STM32F3xx_HAL_Driver/Src/stm32f3xx_hal_rcc.o
 .debug_aranges
                0x00000a68       0x38 ./Drivers/STM32F3xx_HAL_Driver/Src/stm32f3xx_hal_rcc_ex.o
 .debug_aranges
                0x00000aa0      0x1d8 ./Drivers/STM32F3xx_HAL_Driver/Src/stm32f3xx_hal_spi.o
 .debug_aranges
                0x00000c78      0x3e0 ./Drivers/STM32F3xx_HAL_Driver/Src/stm32f3xx_hal_tim.o
 .debug_aranges
                0x00001058      0x178 ./Drivers/STM32F3xx_HAL_Driver/Src/stm32f3xx_hal_tim_ex.o
 .debug_aranges
                0x000011d0       0xc8 ./Drivers/STM32F3xx_HAL_Driver/Src/stm32f3xx_ll_usb.o

.debug_rnglists
                0x00000000      0xe5d
 .debug_rnglists
                0x00000000       0x75 ./Core/Src/GPIO.o
 .debug_rnglists
                0x00000075       0x2b ./Core/Src/LED_MATRIX.o
 .debug_rnglists
                0x000000a0       0x31 ./Core/Src/delay.o
 .debug_rnglists
                0x000000d1       0x6d ./Core/Src/main.o
 .debug_rnglists
                0x0000013e       0x45 ./Core/Src/serial.o
 .debug_rnglists
                0x00000183       0x4c ./Core/Src/stm32f3xx_hal_msp.o
 .debug_rnglists
                0x000001cf       0x43 ./Core/Src/stm32f3xx_it.o
 .debug_rnglists
                0x00000212       0x13 ./Core/Src/sysmem.o
 .debug_rnglists
                0x00000225       0x1a ./Core/Src/system_stm32f3xx.o
 .debug_rnglists
                0x0000023f       0x19 ./Core/Startup/startup_stm32f303vctx.o
 .debug_rnglists
                0x00000258       0xa3 ./Drivers/STM32F3xx_HAL_Driver/Src/stm32f3xx_hal.o
 .debug_rnglists
                0x000002fb       0xda ./Drivers/STM32F3xx_HAL_Driver/Src/stm32f3xx_hal_cortex.o
 .debug_rnglists
                0x000003d5       0x3f ./Drivers/STM32F3xx_HAL_Driver/Src/stm32f3xx_hal_gpio.o
 .debug_rnglists
                0x00000414      0x228 ./Drivers/STM32F3xx_HAL_Driver/Src/stm32f3xx_hal_i2c.o
 .debug_rnglists
                0x0000063c       0x35 ./Drivers/STM32F3xx_HAL_Driver/Src/stm32f3xx_hal_i2c_ex.o
 .debug_rnglists
                0x00000671       0xf4 ./Drivers/STM32F3xx_HAL_Driver/Src/stm32f3xx_hal_pcd.o
 .debug_rnglists
                0x00000765       0x66 ./Drivers/STM32F3xx_HAL_Driver/Src/stm32f3xx_hal_rcc.o
 .debug_rnglists
                0x000007cb       0x28 ./Drivers/STM32F3xx_HAL_Driver/Src/stm32f3xx_hal_rcc_ex.o
 .debug_rnglists
                0x000007f3      0x178 ./Drivers/STM32F3xx_HAL_Driver/Src/stm32f3xx_hal_spi.o
 .debug_rnglists
                0x0000096b      0x328 ./Drivers/STM32F3xx_HAL_Driver/Src/stm32f3xx_hal_tim.o
 .debug_rnglists
                0x00000c93      0x131 ./Drivers/STM32F3xx_HAL_Driver/Src/stm32f3xx_hal_tim_ex.o
 .debug_rnglists
                0x00000dc4       0x99 ./Drivers/STM32F3xx_HAL_Driver/Src/stm32f3xx_ll_usb.o

.debug_macro    0x00000000    0x1eb17
 .debug_macro   0x00000000       0xc9 ./Core/Src/GPIO.o
 .debug_macro   0x000000c9      0xab4 ./Core/Src/GPIO.o
 .debug_macro   0x00000b7d       0x22 ./Core/Src/GPIO.o
 .debug_macro   0x00000b9f       0x8e ./Core/Src/GPIO.o
 .debug_macro   0x00000c2d       0x51 ./Core/Src/GPIO.o
 .debug_macro   0x00000c7e      0x103 ./Core/Src/GPIO.o
 .debug_macro   0x00000d81       0x6a ./Core/Src/GPIO.o
 .debug_macro   0x00000deb      0x1df ./Core/Src/GPIO.o
 .debug_macro   0x00000fca       0x28 ./Core/Src/GPIO.o
 .debug_macro   0x00000ff2       0x1c ./Core/Src/GPIO.o
 .debug_macro   0x0000100e       0x22 ./Core/Src/GPIO.o
 .debug_macro   0x00001030       0xd9 ./Core/Src/GPIO.o
 .debug_macro   0x00001109     0x102d ./Core/Src/GPIO.o
 .debug_macro   0x00002136      0x11f ./Core/Src/GPIO.o
 .debug_macro   0x00002255    0x12a3a ./Core/Src/GPIO.o
 .debug_macro   0x00014c8f       0x6d ./Core/Src/LED_MATRIX.o
 .debug_macro   0x00014cfc       0xc9 ./Core/Src/delay.o
 .debug_macro   0x00014dc5      0x24a ./Core/Src/main.o
 .debug_macro   0x0001500f      0x164 ./Core/Src/main.o
 .debug_macro   0x00015173       0x2e ./Core/Src/main.o
 .debug_macro   0x000151a1       0x6d ./Core/Src/main.o
 .debug_macro   0x0001520e     0x3574 ./Core/Src/main.o
 .debug_macro   0x00018782      0x189 ./Core/Src/main.o
 .debug_macro   0x0001890b       0x55 ./Core/Src/main.o
 .debug_macro   0x00018960      0x961 ./Core/Src/main.o
 .debug_macro   0x000192c1      0x5fe ./Core/Src/main.o
 .debug_macro   0x000198bf      0x1b5 ./Core/Src/main.o
 .debug_macro   0x00019a74      0x1fb ./Core/Src/main.o
 .debug_macro   0x00019c6f      0x1dc ./Core/Src/main.o
 .debug_macro   0x00019e4b      0x1bc ./Core/Src/main.o
 .debug_macro   0x0001a007       0x30 ./Core/Src/main.o
 .debug_macro   0x0001a037       0x3c ./Core/Src/main.o
 .debug_macro   0x0001a073      0x235 ./Core/Src/main.o
 .debug_macro   0x0001a2a8       0xc5 ./Core/Src/main.o
 .debug_macro   0x0001a36d      0x21d ./Core/Src/main.o
 .debug_macro   0x0001a58a      0x22c ./Core/Src/main.o
 .debug_macro   0x0001a7b6       0x5b ./Core/Src/main.o
 .debug_macro   0x0001a811       0xa5 ./Core/Src/main.o
 .debug_macro   0x0001a8b6       0x73 ./Core/Src/main.o
 .debug_macro   0x0001a929      0x242 ./Core/Src/main.o
 .debug_macro   0x0001ab6b       0x81 ./Core/Src/main.o
 .debug_macro   0x0001abec       0xd3 ./Core/Src/main.o
 .debug_macro   0x0001acbf      0x2fe ./Core/Src/main.o
 .debug_macro   0x0001afbd      0xa60 ./Core/Src/main.o
 .debug_macro   0x0001ba1d       0x89 ./Core/Src/main.o
 .debug_macro   0x0001baa6      0x275 ./Core/Src/main.o
 .debug_macro   0x0001bd1b      0x160 ./Core/Src/main.o
 .debug_macro   0x0001be7b       0x5e ./Core/Src/main.o
 .debug_macro   0x0001bed9      0x1b5 ./Core/Src/serial.o
 .debug_macro   0x0001c08e       0x61 ./Core/Src/serial.o
 .debug_macro   0x0001c0ef       0x2a ./Core/Src/serial.o
 .debug_macro   0x0001c119       0x43 ./Core/Src/serial.o
 .debug_macro   0x0001c15c       0x34 ./Core/Src/serial.o
 .debug_macro   0x0001c190       0x16 ./Core/Src/serial.o
 .debug_macro   0x0001c1a6       0x43 ./Core/Src/serial.o
 .debug_macro   0x0001c1e9       0x34 ./Core/Src/serial.o
 .debug_macro   0x0001c21d       0x10 ./Core/Src/serial.o
 .debug_macro   0x0001c22d       0x58 ./Core/Src/serial.o
 .debug_macro   0x0001c285       0x8e ./Core/Src/serial.o
 .debug_macro   0x0001c313       0x1c ./Core/Src/serial.o
 .debug_macro   0x0001c32f      0x177 ./Core/Src/serial.o
 .debug_macro   0x0001c4a6      0x369 ./Core/Src/serial.o
 .debug_macro   0x0001c80f       0x10 ./Core/Src/serial.o
 .debug_macro   0x0001c81f       0x35 ./Core/Src/serial.o
 .debug_macro   0x0001c854       0x20 ./Core/Src/serial.o
 .debug_macro   0x0001c874       0x22 ./Core/Src/serial.o
 .debug_macro   0x0001c896       0x10 ./Core/Src/serial.o
 .debug_macro   0x0001c8a6       0x1a ./Core/Src/song.o
 .debug_macro   0x0001c8c0      0x20b ./Core/Src/stm32f3xx_hal_msp.o
 .debug_macro   0x0001cacb      0x215 ./Core/Src/stm32f3xx_it.o
 .debug_macro   0x0001cce0       0xff ./Core/Src/sysmem.o
 .debug_macro   0x0001cddf      0x23c ./Core/Src/sysmem.o
 .debug_macro   0x0001d01b      0x1fc ./Core/Src/system_stm32f3xx.o
 .debug_macro   0x0001d217      0x220 ./Drivers/STM32F3xx_HAL_Driver/Src/stm32f3xx_hal.o
 .debug_macro   0x0001d437      0x1fc ./Drivers/STM32F3xx_HAL_Driver/Src/stm32f3xx_hal_cortex.o
 .debug_macro   0x0001d633      0x203 ./Drivers/STM32F3xx_HAL_Driver/Src/stm32f3xx_hal_gpio.o
 .debug_macro   0x0001d836      0x2c8 ./Drivers/STM32F3xx_HAL_Driver/Src/stm32f3xx_hal_i2c.o
 .debug_macro   0x0001dafe      0x1fc ./Drivers/STM32F3xx_HAL_Driver/Src/stm32f3xx_hal_i2c_ex.o
 .debug_macro   0x0001dcfa      0x208 ./Drivers/STM32F3xx_HAL_Driver/Src/stm32f3xx_hal_pcd.o
 .debug_macro   0x0001df02      0x220 ./Drivers/STM32F3xx_HAL_Driver/Src/stm32f3xx_hal_rcc.o
 .debug_macro   0x0001e122      0x1fc ./Drivers/STM32F3xx_HAL_Driver/Src/stm32f3xx_hal_rcc_ex.o
 .debug_macro   0x0001e31e      0x204 ./Drivers/STM32F3xx_HAL_Driver/Src/stm32f3xx_hal_spi.o
 .debug_macro   0x0001e522      0x1fd ./Drivers/STM32F3xx_HAL_Driver/Src/stm32f3xx_hal_tim.o
 .debug_macro   0x0001e71f      0x1fc ./Drivers/STM32F3xx_HAL_Driver/Src/stm32f3xx_hal_tim_ex.o
 .debug_macro   0x0001e91b      0x1fc ./Drivers/STM32F3xx_HAL_Driver/Src/stm32f3xx_ll_usb.o

.debug_line     0x00000000    0x169e0
 .debug_line    0x00000000      0xa1d ./Core/Src/GPIO.o
 .debug_line    0x00000a1d      0x4b8 ./Core/Src/LED_MATRIX.o
 .debug_line    0x00000ed5      0x563 ./Core/Src/delay.o
 .debug_line    0x00001438      0xb6e ./Core/Src/main.o
 .debug_line    0x00001fa6      0x81c ./Core/Src/serial.o
 .debug_line    0x000027c2       0x49 ./Core/Src/song.o
 .debug_line    0x0000280b      0x89c ./Core/Src/stm32f3xx_hal_msp.o
 .debug_line    0x000030a7      0x80e ./Core/Src/stm32f3xx_it.o
 .debug_line    0x000038b5      0x512 ./Core/Src/sysmem.o
 .debug_line    0x00003dc7      0x7c5 ./Core/Src/system_stm32f3xx.o
 .debug_line    0x0000458c       0x7a ./Core/Startup/startup_stm32f303vctx.o
 .debug_line    0x00004606      0x9fd ./Drivers/STM32F3xx_HAL_Driver/Src/stm32f3xx_hal.o
 .debug_line    0x00005003      0xcea ./Drivers/STM32F3xx_HAL_Driver/Src/stm32f3xx_hal_cortex.o
 .debug_line    0x00005ced      0xb74 ./Drivers/STM32F3xx_HAL_Driver/Src/stm32f3xx_hal_gpio.o
 .debug_line    0x00006861     0x3a74 ./Drivers/STM32F3xx_HAL_Driver/Src/stm32f3xx_hal_i2c.o
 .debug_line    0x0000a2d5      0x969 ./Drivers/STM32F3xx_HAL_Driver/Src/stm32f3xx_hal_i2c_ex.o
 .debug_line    0x0000ac3e     0x1385 ./Drivers/STM32F3xx_HAL_Driver/Src/stm32f3xx_hal_pcd.o
 .debug_line    0x0000bfc3     0x1391 ./Drivers/STM32F3xx_HAL_Driver/Src/stm32f3xx_hal_rcc.o
 .debug_line    0x0000d354      0xd4b ./Drivers/STM32F3xx_HAL_Driver/Src/stm32f3xx_hal_rcc_ex.o
 .debug_line    0x0000e09f     0x2036 ./Drivers/STM32F3xx_HAL_Driver/Src/stm32f3xx_hal_spi.o
 .debug_line    0x000100d5     0x3df5 ./Drivers/STM32F3xx_HAL_Driver/Src/stm32f3xx_hal_tim.o
 .debug_line    0x00013eca     0x1ad7 ./Drivers/STM32F3xx_HAL_Driver/Src/stm32f3xx_hal_tim_ex.o
 .debug_line    0x000159a1     0x103f ./Drivers/STM32F3xx_HAL_Driver/Src/stm32f3xx_ll_usb.o

.debug_str      0x00000000    0xb91d6
 .debug_str     0x00000000    0x72928 ./Core/Src/GPIO.o
                              0x72c51 (size before relaxing)
 .debug_str     0x00072928       0x7a ./Core/Src/LED_MATRIX.o
                               0x3d95 (size before relaxing)
 .debug_str     0x000729a2       0x68 ./Core/Src/delay.o
                              0x72906 (size before relaxing)
 .debug_str     0x00072a0a    0x3f4d5 ./Core/Src/main.o
                              0xb20ad (size before relaxing)
 .debug_str     0x000b1edf     0x3429 ./Core/Src/serial.o
                              0x75bda (size before relaxing)
 .debug_str     0x000b5308       0x24 ./Core/Src/song.o
                               0x2f13 (size before relaxing)
 .debug_str     0x000b532c      0x109 ./Core/Src/stm32f3xx_hal_msp.o
                              0xb1772 (size before relaxing)
 .debug_str     0x000b5435       0xc9 ./Core/Src/stm32f3xx_it.o
                              0xb0982 (size before relaxing)
 .debug_str     0x000b54fe      0x4dc ./Core/Src/sysmem.o
                               0x60d6 (size before relaxing)
 .debug_str     0x000b59da       0x8b ./Core/Src/system_stm32f3xx.o
                              0xb050a (size before relaxing)
 .debug_str     0x000b5a65       0x44 ./Core/Startup/startup_stm32f303vctx.o
                                 0x89 (size before relaxing)
 .debug_str     0x000b5aa9      0x385 ./Drivers/STM32F3xx_HAL_Driver/Src/stm32f3xx_hal.o
                              0xb0d48 (size before relaxing)
 .debug_str     0x000b5e2e      0x33b ./Drivers/STM32F3xx_HAL_Driver/Src/stm32f3xx_hal_cortex.o
                              0xb0dcc (size before relaxing)
 .debug_str     0x000b6169       0xe1 ./Drivers/STM32F3xx_HAL_Driver/Src/stm32f3xx_hal_gpio.o
                              0xb0677 (size before relaxing)
 .debug_str     0x000b624a      0xe6b ./Drivers/STM32F3xx_HAL_Driver/Src/stm32f3xx_hal_i2c.o
                              0xb180a (size before relaxing)
 .debug_str     0x000b70b5       0xb8 ./Drivers/STM32F3xx_HAL_Driver/Src/stm32f3xx_hal_i2c_ex.o
                              0xb0a01 (size before relaxing)
 .debug_str     0x000b716d      0x527 ./Drivers/STM32F3xx_HAL_Driver/Src/stm32f3xx_hal_pcd.o
                              0xb0d3f (size before relaxing)
 .debug_str     0x000b7694      0x2c6 ./Drivers/STM32F3xx_HAL_Driver/Src/stm32f3xx_hal_rcc.o
                              0xb09aa (size before relaxing)
 .debug_str     0x000b795a       0xb4 ./Drivers/STM32F3xx_HAL_Driver/Src/stm32f3xx_hal_rcc_ex.o
                              0xb076e (size before relaxing)
 .debug_str     0x000b7a0e      0x55a ./Drivers/STM32F3xx_HAL_Driver/Src/stm32f3xx_hal_spi.o
                              0xb0e30 (size before relaxing)
 .debug_str     0x000b7f68      0xd94 ./Drivers/STM32F3xx_HAL_Driver/Src/stm32f3xx_hal_tim.o
                              0xb1941 (size before relaxing)
 .debug_str     0x000b8cfc      0x402 ./Drivers/STM32F3xx_HAL_Driver/Src/stm32f3xx_hal_tim_ex.o
                              0xb1187 (size before relaxing)
 .debug_str     0x000b90fe       0xd8 ./Drivers/STM32F3xx_HAL_Driver/Src/stm32f3xx_ll_usb.o
                              0xb0894 (size before relaxing)

.comment        0x00000000       0x43
 .comment       0x00000000       0x43 ./Core/Src/GPIO.o
                                 0x44 (size before relaxing)
 .comment       0x00000043       0x44 ./Core/Src/LED_MATRIX.o
 .comment       0x00000043       0x44 ./Core/Src/delay.o
 .comment       0x00000043       0x44 ./Core/Src/main.o
 .comment       0x00000043       0x44 ./Core/Src/serial.o
 .comment       0x00000043       0x44 ./Core/Src/song.o
 .comment       0x00000043       0x44 ./Core/Src/stm32f3xx_hal_msp.o
 .comment       0x00000043       0x44 ./Core/Src/stm32f3xx_it.o
 .comment       0x00000043       0x44 ./Core/Src/sysmem.o
 .comment       0x00000043       0x44 ./Core/Src/system_stm32f3xx.o
 .comment       0x00000043       0x44 ./Drivers/STM32F3xx_HAL_Driver/Src/stm32f3xx_hal.o
 .comment       0x00000043       0x44 ./Drivers/STM32F3xx_HAL_Driver/Src/stm32f3xx_hal_cortex.o
 .comment       0x00000043       0x44 ./Drivers/STM32F3xx_HAL_Driver/Src/stm32f3xx_hal_gpio.o
 .comment       0x00000043       0x44 ./Drivers/STM32F3xx_HAL_Driver/Src/stm32f3xx_hal_i2c.o
 .comment       0x00000043       0x44 ./Drivers/STM32F3xx_HAL_Driver/Src/stm32f3xx_hal_i2c_ex.o
 .comment       0x00000043       0x44 ./Drivers/STM32F3xx_HAL_Driver/Src/stm32f3xx_hal_pcd.o
 .comment       0x00000043       0x44 ./Drivers/STM32F3xx_HAL_Driver/Src/stm32f3xx_hal_rcc.o
 .comment       0x00000043       0x44 ./Drivers/STM32F3xx_HAL_Driver/Src/stm32f3xx_hal_rcc_ex.o
 .comment       0x00000043       0x44 ./Drivers/STM32F3xx_HAL_Driver/Src/stm32f3xx_hal_spi.o
 .comment       0x00000043       0x44 ./Drivers/STM32F3xx_HAL_Driver/Src/stm32f3xx_hal_tim.o
 .comment       0x00000043       0x44 ./Drivers/STM32F3xx_HAL_Driver/Src/stm32f3xx_hal_tim_ex.o
 .comment       0x00000043       0x44 ./Drivers/STM32F3xx_HAL_Driver/Src/stm32f3xx_ll_usb.o

.debug_frame    0x00000000     0x510c
 .debug_frame   0x00000000      0x26c ./Core/Src/GPIO.o
 .debug_frame   0x0000026c       0xbc ./Core/Src/LED_MATRIX.o
 .debug_frame   0x00000328       0xe4 ./Core/Src/delay.o
 .debug_frame   0x0000040c      0x1f0 ./Core/Src/main.o
 .debug_frame   0x000005fc      0x118 ./Core/Src/serial.o
 .debug_frame   0x00000714      0x180 ./Core/Src/stm32f3xx_hal_msp.o
 .debug_frame   0x00000894      0x104 ./Core/Src/stm32f3xx_it.o
 .debug_frame   0x00000998       0x34 ./Core/Src/sysmem.o
 .debug_frame   0x000009cc       0x58 ./Core/Src/system_stm32f3xx.o
 .debug_frame   0x00000a24      0x334 ./Drivers/STM32F3xx_HAL_Driver/Src/stm32f3xx_hal.o
 .debug_frame   0x00000d58      0x4e8 ./Drivers/STM32F3xx_HAL_Driver/Src/stm32f3xx_hal_cortex.o
 .debug_frame   0x00001240      0x14c ./Drivers/STM32F3xx_HAL_Driver/Src/stm32f3xx_hal_gpio.o
 .debug_frame   0x0000138c      0xc38 ./Drivers/STM32F3xx_HAL_Driver/Src/stm32f3xx_hal_i2c.o
 .debug_frame   0x00001fc4      0x100 ./Drivers/STM32F3xx_HAL_Driver/Src/stm32f3xx_hal_i2c_ex.o
 .debug_frame   0x000020c4      0x590 ./Drivers/STM32F3xx_HAL_Driver/Src/stm32f3xx_hal_pcd.o
 .debug_frame   0x00002654      0x214 ./Drivers/STM32F3xx_HAL_Driver/Src/stm32f3xx_hal_rcc.o
 .debug_frame   0x00002868       0xb0 ./Drivers/STM32F3xx_HAL_Driver/Src/stm32f3xx_hal_rcc_ex.o
 .debug_frame   0x00002918      0x860 ./Drivers/STM32F3xx_HAL_Driver/Src/stm32f3xx_hal_spi.o
 .debug_frame   0x00003178     0x1218 ./Drivers/STM32F3xx_HAL_Driver/Src/stm32f3xx_hal_tim.o
 .debug_frame   0x00004390      0x688 ./Drivers/STM32F3xx_HAL_Driver/Src/stm32f3xx_hal_tim_ex.o
 .debug_frame   0x00004a18      0x380 ./Drivers/STM32F3xx_HAL_Driver/Src/stm32f3xx_ll_usb.o
 .debug_frame   0x00004d98       0x30 /Applications/STM32CubeIDE.app/Contents/Eclipse/plugins/com.st.stm32cube.ide.mcu.externaltools.gnu-tools-for-stm32.12.3.rel1.macos64_1.1.0.202410301201/tools/bin/../lib/gcc/arm-none-eabi/12.3.1/../../../../arm-none-eabi/lib/thumb/v7e-m+fp/hard/libc_nano.a(libc_a-malloc.o)
 .debug_frame   0x00004dc8       0x50 /Applications/STM32CubeIDE.app/Contents/Eclipse/plugins/com.st.stm32cube.ide.mcu.externaltools.gnu-tools-for-stm32.12.3.rel1.macos64_1.1.0.202410301201/tools/bin/../lib/gcc/arm-none-eabi/12.3.1/../../../../arm-none-eabi/lib/thumb/v7e-m+fp/hard/libc_nano.a(libc_a-mallocr.o)
 .debug_frame   0x00004e18       0x30 /Applications/STM32CubeIDE.app/Contents/Eclipse/plugins/com.st.stm32cube.ide.mcu.externaltools.gnu-tools-for-stm32.12.3.rel1.macos64_1.1.0.202410301201/tools/bin/../lib/gcc/arm-none-eabi/12.3.1/../../../../arm-none-eabi/lib/thumb/v7e-m+fp/hard/libc_nano.a(libc_a-mlock.o)
 .debug_frame   0x00004e48      0x144 /Applications/STM32CubeIDE.app/Contents/Eclipse/plugins/com.st.stm32cube.ide.mcu.externaltools.gnu-tools-for-stm32.12.3.rel1.macos64_1.1.0.202410301201/tools/bin/../lib/gcc/arm-none-eabi/12.3.1/../../../../arm-none-eabi/lib/thumb/v7e-m+fp/hard/libc_nano.a(libc_a-findfp.o)
 .debug_frame   0x00004f8c       0x20 /Applications/STM32CubeIDE.app/Contents/Eclipse/plugins/com.st.stm32cube.ide.mcu.externaltools.gnu-tools-for-stm32.12.3.rel1.macos64_1.1.0.202410301201/tools/bin/../lib/gcc/arm-none-eabi/12.3.1/../../../../arm-none-eabi/lib/thumb/v7e-m+fp/hard/libc_nano.a(libc_a-memset.o)
 .debug_frame   0x00004fac       0x2c /Applications/STM32CubeIDE.app/Contents/Eclipse/plugins/com.st.stm32cube.ide.mcu.externaltools.gnu-tools-for-stm32.12.3.rel1.macos64_1.1.0.202410301201/tools/bin/../lib/gcc/arm-none-eabi/12.3.1/../../../../arm-none-eabi/lib/thumb/v7e-m+fp/hard/libc_nano.a(libc_a-sbrkr.o)
 .debug_frame   0x00004fd8       0x20 /Applications/STM32CubeIDE.app/Contents/Eclipse/plugins/com.st.stm32cube.ide.mcu.externaltools.gnu-tools-for-stm32.12.3.rel1.macos64_1.1.0.202410301201/tools/bin/../lib/gcc/arm-none-eabi/12.3.1/../../../../arm-none-eabi/lib/thumb/v7e-m+fp/hard/libc_nano.a(libc_a-errno.o)
 .debug_frame   0x00004ff8       0x2c /Applications/STM32CubeIDE.app/Contents/Eclipse/plugins/com.st.stm32cube.ide.mcu.externaltools.gnu-tools-for-stm32.12.3.rel1.macos64_1.1.0.202410301201/tools/bin/../lib/gcc/arm-none-eabi/12.3.1/../../../../arm-none-eabi/lib/thumb/v7e-m+fp/hard/libc_nano.a(libc_a-init.o)
 .debug_frame   0x00005024       0xb0 /Applications/STM32CubeIDE.app/Contents/Eclipse/plugins/com.st.stm32cube.ide.mcu.externaltools.gnu-tools-for-stm32.12.3.rel1.macos64_1.1.0.202410301201/tools/bin/../lib/gcc/arm-none-eabi/12.3.1/../../../../arm-none-eabi/lib/thumb/v7e-m+fp/hard/libc_nano.a(libc_a-lock.o)
 .debug_frame   0x000050d4       0x38 /Applications/STM32CubeIDE.app/Contents/Eclipse/plugins/com.st.stm32cube.ide.mcu.externaltools.gnu-tools-for-stm32.12.3.rel1.macos64_1.1.0.202410301201/tools/bin/../lib/gcc/arm-none-eabi/12.3.1/../../../../arm-none-eabi/lib/thumb/v7e-m+fp/hard/libc_nano.a(libc_a-reent.o)

.debug_line_str
                0x00000000       0x6d
 .debug_line_str
                0x00000000       0x6d ./Core/Startup/startup_stm32f303vctx.o
