../Core/Src/main.c:91:6:max7219_write	24	static
../Core/Src/main.c:100:5:pres_frequency	16	static
../Core/Src/main.c:106:6:notone	4	static
../Core/Src/main.c:112:6:play_tone	40	static
../Core/Src/main.c:128:6:reset_game	8	static
../Core/Src/main.c:135:6:second_button	8	static
../Core/Src/main.c:156:6:first_button	8	static
../Core/Src/main.c:177:5:main	32	static
../Core/Src/main.c:255:6:SystemClock_Config	128	static
../Core/Src/main.c:306:13:MX_I2C1_Init	8	static
../Core/Src/main.c:354:13:MX_SPI1_Init	8	static
../Core/Src/main.c:394:13:MX_TIM1_Init	112	static
../Core/Src/main.c:474:13:MX_USB_PCD_Init	8	static
../Core/Src/main.c:505:13:MX_GPIO_Init	48	static
../Core/Src/main.c:570:6:Error_Handler	4	static,ignoring_inline_asm
